Family N21: 64 branches to process (six=False partial=True mutation_only=False)
Using node dir: C:\Users\Prajith K\AppData\Roaming\fnm\node-versions\v21.7.3\installation -> node v21.7.3 npm 10.5.0
Parallel workers: 8
[1/64] CE-N21-004 (esbuild/yarn (Berry)/Microservices): ok (92.4s)
[2/64] CE-N21-006 (esbuild/pnpm/Microservices): ok (96.5s)
[3/64] CE-N21-002 (esbuild/npm/Microservices): ok (99.2s)
[4/64] CE-N21-008 (esbuild/bun/Microservices): ok (100.7s)
[5/64] CE-N21-003 (esbuild/yarn (Berry)/Monolith): FAIL:lint:oxlint (120.2s)
[6/64] CE-N21-005 (esbuild/pnpm/Monolith): FAIL:lint:oxlint (125.9s)
[7/64] CE-N21-007 (esbuild/bun/Monolith): FAIL:lint:oxlint (125.9s)
[8/64] CE-N21-010 (Vite (built as esbuild)/npm/Microservices): ok (90.9s)
[9/64] CE-N21-012 (Vite (built as esbuild)/yarn (Berry)/Microservices): ok (98.8s)
[10/64] CE-N21-014 (Vite (built as esbuild)/pnpm/Microservices): ok (76.5s)
[11/64] CE-N21-011 (Vite (built as esbuild)/yarn (Berry)/Monolith): FAIL:lint:oxlint (127.8s)
[12/64] CE-N21-013 (Vite (built as esbuild)/pnpm/Monolith): FAIL:lint:oxlint (112.2s)
[13/64] CE-N21-015 (Vite (built as esbuild)/bun/Monolith): FAIL:lint:oxlint (112.4s)
[14/64] CE-N21-016 (Vite (built as esbuild)/bun/Microservices): ok (64.5s)
[15/64] CE-N21-022 (Webpack/pnpm/Microservices): ok (119.5s)
[16/64] CE-N21-020 (Webpack/yarn (Berry)/Microservices): ok (145.1s)
[17/64] CE-N21-021 (Webpack/pnpm/Monolith): FAIL:lint:oxlint (148.2s)
[18/64] CE-N21-001 (esbuild/npm/Monolith): FAIL:lint:oxlint (387.4s)
[19/64] CE-N21-019 (Webpack/yarn (Berry)/Monolith): FAIL:lint:oxlint (163.3s)
[20/64] CE-N21-018 (Webpack/npm/Microservices): ok (191.7s)
[21/64] CE-N21-024 (Webpack/bun/Microservices): ok (95.5s)
[22/64] CE-N21-009 (Vite (built as esbuild)/npm/Monolith): FAIL:lint:oxlint (400.0s)
[23/64] CE-N21-028 (Rollup/yarn (Berry)/Microservices): ok (98.7s)
[24/64] CE-N21-026 (Rollup/npm/Microservices): ok (113.4s)
[25/64] CE-N21-023 (Webpack/bun/Monolith): FAIL:lint:oxlint (156.9s)
[26/64] CE-N21-027 (Rollup/yarn (Berry)/Monolith): FAIL:lint:oxlint (138.5s)
[27/64] CE-N21-030 (Rollup/pnpm/Microservices): ok (51.9s)
[28/64] CE-N21-029 (Rollup/pnpm/Monolith): FAIL:lint:oxlint (78.0s)
[29/64] CE-N21-032 (Rollup/bun/Microservices): ok (89.9s)
[30/64] CE-N21-017 (Webpack/npm/Monolith): FAIL:lint:oxlint (439.8s)
[31/64] CE-N21-031 (Rollup/bun/Monolith): FAIL:lint:oxlint (146.8s)
[32/64] CE-N21-025 (Rollup/npm/Monolith): FAIL:lint:oxlint (265.5s)
[33/64] CE-N21-034 (Rspack/npm/Microservices): ok (172.9s)
[34/64] CE-N21-036 (Rspack/yarn (Berry)/Microservices): ok (157.4s)
[35/64] CE-N21-035 (Rspack/yarn (Berry)/Monolith): FAIL:lint:oxlint (172.2s)
[36/64] CE-N21-038 (Rspack/pnpm/Microservices): ok (77.8s)
[37/64] CE-N21-037 (Rspack/pnpm/Monolith): FAIL:lint:oxlint (126.4s)
[38/64] CE-N21-040 (Rspack/bun/Microservices): ok (125.5s)
[39/64] CE-N21-044 (Parcel/yarn (Berry)/Microservices): ok (121.2s)
[40/64] CE-N21-039 (Rspack/bun/Monolith): FAIL:lint:oxlint (209.0s)
[41/64] CE-N21-046 (Parcel/pnpm/Microservices): ok (74.8s)
[42/64] CE-N21-043 (Parcel/yarn (Berry)/Monolith): FAIL:lint:oxlint (143.8s)
[43/64] CE-N21-042 (Parcel/npm/Microservices): ok (153.6s)
[44/64] CE-N21-045 (Parcel/pnpm/Monolith): FAIL:lint:oxlint (161.6s)
[45/64] CE-N21-048 (Parcel/bun/Microservices): ok (90.9s)
[46/64] CE-N21-052 (Turbopack/yarn (Berry)/Microservices): ok (113.9s)
[47/64] CE-N21-050 (Turbopack/npm/Microservices): ok (132.9s)
[48/64] CE-N21-047 (Parcel/bun/Monolith): FAIL:lint:oxlint (158.3s)
[49/64] CE-N21-033 (Rspack/npm/Monolith): FAIL:lint:oxlint (490.0s)
[50/64] CE-N21-051 (Turbopack/yarn (Berry)/Monolith): FAIL:lint:oxlint (159.0s)
[51/64] CE-N21-053 (Turbopack/pnpm/Monolith): FAIL:lint:oxlint (91.5s)
[52/64] CE-N21-054 (Turbopack/pnpm/Microservices): ok (53.5s)
[53/64] CE-N21-056 (Turbopack/bun/Microservices): ok (83.0s)
[54/64] CE-N21-055 (Turbopack/bun/Monolith): FAIL:lint:oxlint (169.0s)
[55/64] CE-N21-060 (SWC/yarn (Berry)/Microservices): ok (136.8s)
[56/64] CE-N21-041 (Parcel/npm/Monolith): FAIL:lint:oxlint (481.5s)
[57/64] CE-N21-058 (SWC/npm/Microservices): ok (162.9s)
[58/64] CE-N21-059 (SWC/yarn (Berry)/Monolith): FAIL:lint:oxlint (157.7s)
[59/64] CE-N21-062 (SWC/pnpm/Microservices): ok (34.7s)
[60/64] CE-N21-061 (SWC/pnpm/Monolith): FAIL:lint:oxlint (121.5s)
[61/64] CE-N21-049 (Turbopack/npm/Monolith): FAIL:lint:oxlint (354.8s)
[62/64] CE-N21-064 (SWC/bun/Microservices): ok (58.0s)
[63/64] CE-N21-063 (SWC/bun/Monolith): FAIL:lint:oxlint (69.8s)
[64/64] CE-N21-057 (SWC/npm/Monolith): FAIL:lint:oxlint (244.2s)
Saved: C:\Users\Prajith K\Desktop\javascript corpus\main\results_N21.json
