Family N18: 64 branches to process (six=False partial=True)
Using node dir: C:\Users\Prajith K\AppData\Roaming\fnm\node-versions\v18.20.8\installation -> node v18.20.8 npm 10.8.2
Parallel workers: 8
[1/64] CE-N18-006 (esbuild/pnpm/Microservices): ok (80.3s)
[2/64] CE-N18-008 (esbuild/bun/Microservices): ok (81.6s)
[3/64] CE-N18-007 (esbuild/bun/Monolith): FAIL:lint:oxlint,mutation (106.1s)
[4/64] CE-N18-004 (esbuild/yarn (Berry)/Microservices): ok (107.7s)
[5/64] CE-N18-002 (esbuild/npm/Microservices): ok (109.9s)
[6/64] CE-N18-005 (esbuild/pnpm/Monolith): FAIL:lint:oxlint,mutation (112.0s)
[7/64] CE-N18-003 (esbuild/yarn (Berry)/Monolith): FAIL:lint:oxlint,mutation (139.2s)
[8/64] CE-N18-010 (Vite (built as esbuild)/npm/Microservices): ok (71.4s)
[9/64] CE-N18-014 (Vite (built as esbuild)/pnpm/Microservices): ok (60.1s)
[10/64] CE-N18-012 (Vite (built as esbuild)/yarn (Berry)/Microservices): ok (97.0s)
[11/64] CE-N18-016 (Vite (built as esbuild)/bun/Microservices): ok (62.9s)
[12/64] CE-N18-015 (Vite (built as esbuild)/bun/Monolith): FAIL:lint:oxlint,mutation (84.3s)
[13/64] CE-N18-013 (Vite (built as esbuild)/pnpm/Monolith): FAIL:lint:oxlint,mutation (114.6s)
[14/64] CE-N18-011 (Vite (built as esbuild)/yarn (Berry)/Monolith): FAIL:lint:oxlint,mutation (143.1s)
[15/64] CE-N18-022 (Webpack/pnpm/Microservices): ok (49.7s)
[16/64] CE-N18-020 (Webpack/yarn (Berry)/Microservices): ok (97.8s)
[17/64] CE-N18-021 (Webpack/pnpm/Monolith): FAIL:lint:oxlint,mutation (102.5s)
[18/64] CE-N18-023 (Webpack/bun/Monolith): FAIL:lint:oxlint,mutation (65.4s)
[19/64] CE-N18-019 (Webpack/yarn (Berry)/Monolith): FAIL:lint:oxlint,mutation (149.2s)
[20/64] CE-N18-018 (Webpack/npm/Microservices): ok (166.0s)
[21/64] CE-N18-024 (Webpack/bun/Microservices): ok (77.0s)
[22/64] CE-N18-028 (Rollup/yarn (Berry)/Microservices): ok (87.2s)
[23/64] CE-N18-026 (Rollup/npm/Microservices): ok (117.5s)
[24/64] CE-N18-029 (Rollup/pnpm/Monolith): FAIL:lint:oxlint,mutation (87.4s)
[25/64] CE-N18-030 (Rollup/pnpm/Microservices): ok (28.5s)
[26/64] CE-N18-001 (esbuild/npm/Monolith): FAIL:mutation (495.9s)
[27/64] CE-N18-027 (Rollup/yarn (Berry)/Monolith): FAIL:lint:oxlint,mutation (131.3s)
[28/64] CE-N18-009 (Vite (built as esbuild)/npm/Monolith): FAIL:mutation (422.9s)
[29/64] CE-N18-032 (Rollup/bun/Microservices): ok (71.9s)
[30/64] CE-N18-036 (Rspack/yarn (Berry)/Microservices): ok (100.8s)
[31/64] CE-N18-034 (Rspack/npm/Microservices): ok (123.7s)
[32/64] CE-N18-031 (Rollup/bun/Monolith): FAIL:lint:oxlint,mutation (142.7s)
[33/64] CE-N18-038 (Rspack/pnpm/Microservices): ok (39.9s)
[34/64] CE-N18-037 (Rspack/pnpm/Monolith): FAIL:lint:oxlint,mutation (89.3s)
[35/64] CE-N18-035 (Rspack/yarn (Berry)/Monolith): FAIL:lint:oxlint,mutation (162.9s)
[36/64] CE-N18-025 (Rollup/npm/Monolith): FAIL:mutation (344.6s)
[37/64] CE-N18-017 (Webpack/npm/Monolith): FAIL:mutation (499.8s)
[38/64] CE-N18-040 (Rspack/bun/Microservices): ok (94.7s)
[39/64] CE-N18-039 (Rspack/bun/Monolith): FAIL:lint:oxlint,mutation (136.9s)
[40/64] CE-N18-042 (Parcel/npm/Microservices): ok (149.1s)
[41/64] CE-N18-044 (Parcel/yarn (Berry)/Microservices): ok (135.8s)
[42/64] CE-N18-046 (Parcel/pnpm/Microservices): ok (88.3s)
[43/64] CE-N18-033 (Rspack/npm/Monolith): FAIL:mutation (352.3s)
[44/64] CE-N18-043 (Parcel/yarn (Berry)/Monolith): FAIL:lint:oxlint,mutation (222.8s)
[45/64] CE-N18-050 (Turbopack/npm/Microservices): ok (121.7s)
[46/64] CE-N18-052 (Turbopack/yarn (Berry)/Microservices): ok (76.6s)
[47/64] CE-N18-048 (Parcel/bun/Microservices): ok (164.7s)
[48/64] CE-N18-045 (Parcel/pnpm/Monolith): FAIL:lint:oxlint,mutation (313.7s)
[49/64] CE-N18-041 (Parcel/npm/Monolith): FAIL:mutation (344.4s)
[50/64] CE-N18-051 (Turbopack/yarn (Berry)/Monolith): FAIL:lint:oxlint,mutation (149.9s)
[51/64] CE-N18-053 (Turbopack/pnpm/Monolith): FAIL:lint:oxlint,mutation (62.3s)
[52/64] CE-N18-054 (Turbopack/pnpm/Microservices): ok (42.7s)
[53/64] CE-N18-056 (Turbopack/bun/Microservices): ok (71.3s)
[54/64] CE-N18-060 (SWC/yarn (Berry)/Microservices): ok (83.1s)
[55/64] CE-N18-058 (SWC/npm/Microservices): ok (115.9s)
[56/64] CE-N18-062 (SWC/pnpm/Microservices): ok (32.4s)
[57/64] CE-N18-061 (SWC/pnpm/Monolith): FAIL:lint:oxlint,mutation (71.3s)
[58/64] CE-N18-059 (SWC/yarn (Berry)/Monolith): FAIL:lint:oxlint,mutation (142.2s)
[59/64] CE-N18-049 (Turbopack/npm/Monolith): FAIL:mutation (337.9s)
[60/64] CE-N18-055 (Turbopack/bun/Monolith): FAIL:lint:oxlint,mutation (185.6s)
[61/64] CE-N18-047 (Parcel/bun/Monolith): FAIL:lint:oxlint,mutation (390.7s)
[62/64] CE-N18-064 (SWC/bun/Microservices): ok (57.6s)
[63/64] CE-N18-063 (SWC/bun/Monolith): FAIL:lint:oxlint,mutation (73.4s)
[64/64] CE-N18-057 (SWC/npm/Monolith): FAIL:mutation (208.0s)
Saved: C:\Users\Prajith K\Desktop\javascript corpus\main\results_N18.json
