Family N14: 64 branches to process (six=False partial=True)
Using node dir: C:\Users\Prajith K\AppData\Roaming\fnm\node-versions\v14.21.3\installation -> node v14.21.3 npm 6.14.18
Parallel workers: 8
[1/64] CE-N14-008 (esbuild/bun/Microservices): ok (149.1s)
[2/64] CE-N14-004 (esbuild/yarn (Berry)/Microservices): ok (152.0s)
[3/64] CE-N14-002 (esbuild/npm/Microservices): ok (169.9s)
[4/64] CE-N14-006 (esbuild/pnpm/Microservices): ok (177.3s)
[5/64] CE-N14-007 (esbuild/bun/Monolith): FAIL:lint,lint:oxlint,duplication,mutation (184.4s)
[6/64] CE-N14-001 (esbuild/npm/Monolith): FAIL:lint,lint:oxlint,duplication,mutation (215.0s)
[7/64] CE-N14-003 (esbuild/yarn (Berry)/Monolith): FAIL:lint,lint:oxlint,duplication,mutation (217.3s)
[8/64] CE-N14-005 (esbuild/pnpm/Monolith): FAIL:lint,lint:oxlint,duplication,mutation (244.2s)
[9/64] CE-N14-012 (Vite (built as esbuild)/yarn (Berry)/Microservices): ok (146.3s)
[10/64] CE-N14-014 (Vite (built as esbuild)/pnpm/Microservices): ok (112.4s)
[11/64] CE-N14-013 (Vite (built as esbuild)/pnpm/Monolith): FAIL:lint,lint:oxlint,duplication,mutation (143.8s)
[12/64] CE-N14-010 (Vite (built as esbuild)/npm/Microservices): ok (177.0s)
[13/64] CE-N14-015 (Vite (built as esbuild)/bun/Monolith): FAIL:lint,lint:oxlint,duplication,mutation (114.8s)
[14/64] CE-N14-011 (Vite (built as esbuild)/yarn (Berry)/Monolith): FAIL:lint,lint:oxlint,duplication,mutation (183.1s)
[15/64] CE-N14-016 (Vite (built as esbuild)/bun/Microservices): ok (109.4s)
[16/64] CE-N14-009 (Vite (built as esbuild)/npm/Monolith): FAIL:lint,lint:oxlint,duplication,mutation (215.3s)
[17/64] CE-N14-020 (Webpack/yarn (Berry)/Microservices): ok (162.8s)
[18/64] CE-N14-018 (Webpack/npm/Microservices): ok (167.0s)
[19/64] CE-N14-024 (Webpack/bun/Microservices): ok (152.8s)
[20/64] CE-N14-017 (Webpack/npm/Monolith): FAIL:lint,lint:oxlint,duplication,mutation (203.4s)
[21/64] CE-N14-022 (Webpack/pnpm/Microservices): ok (174.7s)
[22/64] CE-N14-023 (Webpack/bun/Monolith): FAIL:lint,lint:oxlint,duplication,mutation (181.7s)
[23/64] CE-N14-019 (Webpack/yarn (Berry)/Monolith): FAIL:lint,lint:oxlint,duplication,mutation (219.0s)
[24/64] CE-N14-021 (Webpack/pnpm/Monolith): FAIL:lint,lint:oxlint,duplication,mutation (268.6s)
[25/64] CE-N14-030 (Rollup/pnpm/Microservices): ok (106.7s)
[26/64] CE-N14-028 (Rollup/yarn (Berry)/Microservices): ok (133.4s)
[27/64] CE-N14-026 (Rollup/npm/Microservices): ok (172.9s)
[28/64] CE-N14-029 (Rollup/pnpm/Monolith): FAIL:lint,lint:oxlint,duplication,mutation (142.1s)
[29/64] CE-N14-031 (Rollup/bun/Monolith): FAIL:lint,lint:oxlint,duplication,mutation (130.3s)
[30/64] CE-N14-032 (Rollup/bun/Microservices): ok (83.6s)
[31/64] CE-N14-027 (Rollup/yarn (Berry)/Monolith): FAIL:lint,lint:oxlint,duplication,mutation (169.2s)
[32/64] CE-N14-025 (Rollup/npm/Monolith): FAIL:lint,lint:oxlint,duplication,mutation (209.7s)
[33/64] CE-N14-038 (Rspack/pnpm/Microservices): FAIL:build (138.0s)
[34/64] CE-N14-036 (Rspack/yarn (Berry)/Microservices): FAIL:build (161.1s)
[35/64] CE-N14-040 (Rspack/bun/Microservices): FAIL:build (139.1s)
[36/64] CE-N14-037 (Rspack/pnpm/Monolith): FAIL:build,lint,lint:oxlint,duplication,mutation (171.3s)
[37/64] CE-N14-039 (Rspack/bun/Monolith): FAIL:build,lint,lint:oxlint,duplication,mutation (166.9s)
[38/64] CE-N14-034 (Rspack/npm/Microservices): FAIL:build (198.7s)
[39/64] CE-N14-035 (Rspack/yarn (Berry)/Monolith): FAIL:build,lint,lint:oxlint,duplication,mutation (206.2s)
[40/64] CE-N14-033 (Rspack/npm/Monolith): FAIL:build,lint,lint:oxlint,duplication,mutation (266.4s)
[41/64] CE-N14-046 (Parcel/pnpm/Microservices): FAIL:build (143.7s)
[42/64] CE-N14-044 (Parcel/yarn (Berry)/Microservices): FAIL:build (154.3s)
[43/64] CE-N14-048 (Parcel/bun/Microservices): FAIL:build (105.4s)
[44/64] CE-N14-042 (Parcel/npm/Microservices): FAIL:build (196.7s)
[45/64] CE-N14-047 (Parcel/bun/Monolith): FAIL:build,lint,lint:oxlint,duplication,mutation (154.7s)
[46/64] CE-N14-045 (Parcel/pnpm/Monolith): FAIL:build,lint,lint:oxlint,duplication,mutation (178.8s)
[47/64] CE-N14-043 (Parcel/yarn (Berry)/Monolith): FAIL:build,lint,lint:oxlint,duplication,mutation (193.3s)
[48/64] CE-N14-041 (Parcel/npm/Monolith): FAIL:build,lint,lint:oxlint,duplication,mutation (249.9s)
[49/64] CE-N14-054 (Turbopack/pnpm/Microservices): ok (120.1s)
[50/64] CE-N14-052 (Turbopack/yarn (Berry)/Microservices): ok (127.0s)
[51/64] CE-N14-056 (Turbopack/bun/Microservices): ok (88.1s)
[52/64] CE-N14-055 (Turbopack/bun/Monolith): FAIL:lint,lint:oxlint,duplication,mutation (138.1s)
[53/64] CE-N14-050 (Turbopack/npm/Microservices): ok (172.1s)
[54/64] CE-N14-053 (Turbopack/pnpm/Monolith): FAIL:lint,lint:oxlint,duplication,mutation (147.3s)
[55/64] CE-N14-051 (Turbopack/yarn (Berry)/Monolith): FAIL:lint,lint:oxlint,duplication,mutation (171.2s)
[56/64] CE-N14-049 (Turbopack/npm/Monolith): FAIL:lint,lint:oxlint,duplication,mutation (226.4s)
[57/64] CE-N14-060 (SWC/yarn (Berry)/Microservices): FAIL:build (132.9s)
[58/64] CE-N14-062 (SWC/pnpm/Microservices): FAIL:build (134.4s)
[59/64] CE-N14-064 (SWC/bun/Microservices): FAIL:build (101.5s)
[60/64] CE-N14-061 (SWC/pnpm/Monolith): FAIL:build,lint,lint:oxlint,duplication,mutation (160.5s)
[61/64] CE-N14-058 (SWC/npm/Microservices): FAIL:build (181.7s)
[62/64] CE-N14-063 (SWC/bun/Monolith): FAIL:build,lint,lint:oxlint,duplication,mutation (151.7s)
[63/64] CE-N14-059 (SWC/yarn (Berry)/Monolith): FAIL:build,lint,lint:oxlint,duplication,mutation (176.4s)
[64/64] CE-N14-057 (SWC/npm/Monolith): FAIL:build,lint,lint:oxlint,duplication,mutation (191.5s)
Saved: C:\Users\Prajith K\Desktop\javascript corpus\main\results_N14.json
