Family N16: 32 branches to process (six=False partial=False mutation_only=True)
Using node dir: C:\Users\Prajith K\AppData\Roaming\fnm\node-versions\v16.20.2\installation -> node v16.20.2 npm 8.19.4
Parallel workers: 8
[1/32] CE-N16-013 (Vite (built as esbuild)/pnpm/Monolith): FAIL:mutation (105.4s)
[2/32] CE-N16-005 (esbuild/pnpm/Monolith): FAIL:mutation (105.7s)
[3/32] CE-N16-011 (Vite (built as esbuild)/yarn (Berry)/Monolith): FAIL:mutation (114.4s)
[4/32] CE-N16-003 (esbuild/yarn (Berry)/Monolith): FAIL:mutation (115.1s)
[5/32] CE-N16-015 (Vite (built as esbuild)/bun/Monolith): FAIL:mutation (146.1s)
[6/32] CE-N16-007 (esbuild/bun/Monolith): FAIL:mutation (147.5s)
[7/32] CE-N16-021 (Webpack/pnpm/Monolith): FAIL:mutation (73.8s)
[8/32] CE-N16-023 (Webpack/bun/Monolith): FAIL:mutation (121.4s)
[9/32] CE-N16-029 (Rollup/pnpm/Monolith): FAIL:mutation (53.7s)
[10/32] CE-N16-009 (Vite (built as esbuild)/npm/Monolith): FAIL:mutation (265.1s)
[11/32] CE-N16-027 (Rollup/yarn (Berry)/Monolith): FAIL:mutation (118.1s)
[12/32] CE-N16-001 (esbuild/npm/Monolith): FAIL:mutation (265.9s)
[13/32] CE-N16-019 (Webpack/yarn (Berry)/Monolith): FAIL:mutation (164.6s)
[14/32] CE-N16-025 (Rollup/npm/Monolith): FAIL:mutation (176.6s)
[15/32] CE-N16-017 (Webpack/npm/Monolith): FAIL:mutation (218.9s)
[16/32] CE-N16-031 (Rollup/bun/Monolith): FAIL:mutation (129.2s)
[17/32] CE-N16-037 (Rspack/pnpm/Monolith): FAIL:mutation (109.2s)
[18/32] CE-N16-039 (Rspack/bun/Monolith): FAIL:mutation (149.6s)
[19/32] CE-N16-045 (Parcel/pnpm/Monolith): FAIL:mutation (92.4s)
[20/32] CE-N16-043 (Parcel/yarn (Berry)/Monolith): FAIL:mutation (135.7s)
[21/32] CE-N16-035 (Rspack/yarn (Berry)/Monolith): FAIL:mutation (205.5s)
[22/32] CE-N16-053 (Turbopack/pnpm/Monolith): FAIL:mutation (55.1s)
[23/32] CE-N16-047 (Parcel/bun/Monolith): FAIL:mutation (107.7s)
[24/32] CE-N16-061 (SWC/pnpm/Monolith): FAIL:mutation (67.2s)
[25/32] CE-N16-055 (Turbopack/bun/Monolith): FAIL:mutation (92.3s)
[26/32] CE-N16-051 (Turbopack/yarn (Berry)/Monolith): FAIL:mutation (135.4s)
[27/32] CE-N16-059 (SWC/yarn (Berry)/Monolith): FAIL:mutation (93.8s)
[28/32] CE-N16-033 (Rspack/npm/Monolith): FAIL:mutation (325.3s)
[29/32] CE-N16-049 (Turbopack/npm/Monolith): FAIL:mutation (207.3s)
[30/32] CE-N16-041 (Parcel/npm/Monolith): FAIL:mutation (312.5s)
[31/32] CE-N16-057 (SWC/npm/Monolith): FAIL:mutation (114.1s)
[32/32] CE-N16-063 (SWC/bun/Monolith): FAIL:mutation (72.0s)
Saved: C:\Users\Prajith K\Desktop\javascript corpus\main\results_N16_mutationonly.json
