Family N14: 32 branches to process (six=False partial=False mutation_only=True)
Using node dir: C:\Users\Prajith K\AppData\Roaming\fnm\node-versions\v14.21.3\installation -> node v14.21.3 npm 6.14.18
Parallel workers: 8
[1/32] CE-N14-009 (Vite (built as esbuild)/npm/Monolith): FAIL:mutation (157.7s)
[2/32] CE-N14-001 (esbuild/npm/Monolith): FAIL:mutation (159.4s)
[3/32] CE-N14-013 (Vite (built as esbuild)/pnpm/Monolith): FAIL:mutation (162.6s)
[4/32] CE-N14-005 (esbuild/pnpm/Monolith): FAIL:mutation (164.1s)
[5/32] CE-N14-015 (Vite (built as esbuild)/bun/Monolith): FAIL:mutation (165.8s)
[6/32] CE-N14-007 (esbuild/bun/Monolith): FAIL:mutation (165.8s)
[7/32] CE-N14-011 (Vite (built as esbuild)/yarn (Berry)/Monolith): FAIL:mutation (168.8s)
[8/32] CE-N14-003 (esbuild/yarn (Berry)/Monolith): FAIL:mutation (170.8s)
[9/32] CE-N14-029 (Rollup/pnpm/Monolith): FAIL:mutation (160.0s)
[10/32] CE-N14-021 (Webpack/pnpm/Monolith): FAIL:mutation (166.4s)
[11/32] CE-N14-031 (Rollup/bun/Monolith): FAIL:mutation (160.6s)
[12/32] CE-N14-023 (Webpack/bun/Monolith): FAIL:mutation (167.3s)
[13/32] CE-N14-025 (Rollup/npm/Monolith): FAIL:mutation (167.2s)
[14/32] CE-N14-027 (Rollup/yarn (Berry)/Monolith): FAIL:mutation (167.3s)
[15/32] CE-N14-017 (Webpack/npm/Monolith): FAIL:mutation (177.0s)
[16/32] CE-N14-019 (Webpack/yarn (Berry)/Monolith): FAIL:mutation (182.4s)
[17/32] CE-N14-037 (Rspack/pnpm/Monolith): FAIL:mutation (132.6s)
[18/32] CE-N14-045 (Parcel/pnpm/Monolith): FAIL:mutation (157.5s)
[19/32] CE-N14-047 (Parcel/bun/Monolith): FAIL:mutation (162.8s)
[20/32] CE-N14-039 (Rspack/bun/Monolith): FAIL:mutation (175.9s)
[21/32] CE-N14-041 (Parcel/npm/Monolith): FAIL:mutation (208.1s)
[22/32] CE-N14-033 (Rspack/npm/Monolith): FAIL:mutation (213.3s)
[23/32] CE-N14-043 (Parcel/yarn (Berry)/Monolith): FAIL:mutation (232.2s)
[24/32] CE-N14-055 (Turbopack/bun/Monolith): FAIL:mutation (100.5s)
[25/32] CE-N14-049 (Turbopack/npm/Monolith): FAIL:mutation (165.8s)
[26/32] CE-N14-053 (Turbopack/pnpm/Monolith): FAIL:mutation (179.2s)
[27/32] CE-N14-061 (SWC/pnpm/Monolith): FAIL:mutation (123.3s)
[28/32] CE-N14-035 (Rspack/yarn (Berry)/Monolith): FAIL:mutation (363.8s)
[29/32] CE-N14-057 (SWC/npm/Monolith): FAIL:mutation (162.1s)
[30/32] CE-N14-063 (SWC/bun/Monolith): FAIL:mutation (101.4s)
[31/32] CE-N14-051 (Turbopack/yarn (Berry)/Monolith): FAIL:mutation (225.8s)
[32/32] CE-N14-059 (SWC/yarn (Berry)/Monolith): FAIL:mutation (177.2s)
Saved: C:\Users\Prajith K\Desktop\javascript corpus\main\results_N14_mutationonly.json
