Family N12: 32 branches to process (six=False partial=False mutation_only=True)
Using node dir: C:\Users\Prajith K\AppData\Roaming\fnm\node-versions\v12.22.12\installation -> node v12.22.12 npm 6.14.16
Parallel workers: 8
[1/32] CE-N12-013 (Vite (built as esbuild)/pnpm/Monolith): FAIL:mutation (160.8s)
[2/32] CE-N12-005 (esbuild/pnpm/Monolith): FAIL:mutation (162.2s)
[3/32] CE-N12-009 (Vite (built as esbuild)/npm/Monolith): FAIL:mutation (184.9s)
[4/32] CE-N12-001 (esbuild/npm/Monolith): FAIL:mutation (191.6s)
[5/32] CE-N12-007 (esbuild/bun/Monolith): FAIL:mutation (255.5s)
[6/32] CE-N12-015 (Vite (built as esbuild)/bun/Monolith): FAIL:mutation (255.5s)
[7/32] CE-N12-021 (Webpack/pnpm/Monolith): FAIL:mutation (108.0s)
[8/32] CE-N12-023 (Webpack/bun/Monolith): FAIL:mutation (145.4s)
[9/32] CE-N12-011 (Vite (built as esbuild)/yarn (Berry)/Monolith): FAIL:mutation (339.0s)
[10/32] CE-N12-003 (esbuild/yarn (Berry)/Monolith): FAIL:mutation (341.8s)
[11/32] CE-N12-029 (Rollup/pnpm/Monolith): FAIL:mutation (111.3s)
[12/32] CE-N12-031 (Rollup/bun/Monolith): FAIL:mutation (106.3s)
[13/32] CE-N12-017 (Webpack/npm/Monolith): FAIL:mutation (288.8s)
[14/32] CE-N12-019 (Webpack/yarn (Berry)/Monolith): install-FAIL (314.4s)
[15/32] CE-N12-037 (Rspack/pnpm/Monolith): FAIL:mutation (112.5s)
[16/32] CE-N12-025 (Rollup/npm/Monolith): FAIL:mutation (290.0s)
[17/32] CE-N12-039 (Rspack/bun/Monolith): FAIL:mutation (128.0s)
[18/32] CE-N12-045 (Parcel/pnpm/Monolith): FAIL:mutation (100.3s)
[19/32] CE-N12-047 (Parcel/bun/Monolith): FAIL:mutation (105.9s)
[20/32] CE-N12-027 (Rollup/yarn (Berry)/Monolith): install-FAIL (467.5s)
[21/32] CE-N12-053 (Turbopack/pnpm/Monolith): FAIL:mutation (111.0s)
[22/32] CE-N12-033 (Rspack/npm/Monolith): install-FAIL (474.4s)
[23/32] CE-N12-055 (Turbopack/bun/Monolith): FAIL:mutation (105.2s)
[24/32] CE-N12-041 (Parcel/npm/Monolith): install-FAIL (398.1s)
[25/32] CE-N12-035 (Rspack/yarn (Berry)/Monolith): install-FAIL (585.0s)
[26/32] CE-N12-061 (SWC/pnpm/Monolith): FAIL:mutation (127.2s)
[27/32] CE-N12-049 (Turbopack/npm/Monolith): install-FAIL (386.0s)
[28/32] CE-N12-063 (SWC/bun/Monolith): FAIL:mutation (153.9s)
[29/32] CE-N12-057 (SWC/npm/Monolith): FAIL:mutation (240.2s)
[30/32] CE-N12-043 (Parcel/yarn (Berry)/Monolith): install-FAIL (540.1s)
[31/32] CE-N12-051 (Turbopack/yarn (Berry)/Monolith): install-FAIL (436.9s)
[32/32] CE-N12-059 (SWC/yarn (Berry)/Monolith): FAIL:mutation (242.2s)
Saved: C:\Users\Prajith K\Desktop\javascript corpus\main\results_N12_mutationonly.json
