Family N16: 64 branches to process (six=False partial=True)
Using node dir: C:\Users\Prajith K\AppData\Roaming\fnm\node-versions\v16.20.2\installation -> node v16.20.2 npm 8.19.4
Parallel workers: 8
[1/64] CE-N16-006 (esbuild/pnpm/Microservices): ok (87.4s)
[2/64] CE-N16-008 (esbuild/bun/Microservices): ok (109.5s)
[3/64] CE-N16-004 (esbuild/yarn (Berry)/Microservices): ok (122.9s)
[4/64] CE-N16-002 (esbuild/npm/Microservices): ok (124.0s)
[5/64] CE-N16-005 (esbuild/pnpm/Monolith): FAIL:lint:oxlint,duplication,mutation (124.8s)
[6/64] CE-N16-007 (esbuild/bun/Monolith): FAIL:lint:oxlint,duplication,mutation (129.3s)
[7/64] CE-N16-003 (esbuild/yarn (Berry)/Monolith): FAIL:lint:oxlint,duplication,mutation (157.8s)
[8/64] CE-N16-014 (Vite (built as esbuild)/pnpm/Microservices): ok (47.5s)
[9/64] CE-N16-013 (Vite (built as esbuild)/pnpm/Monolith): FAIL:lint:oxlint,duplication,mutation (86.7s)
[10/64] CE-N16-010 (Vite (built as esbuild)/npm/Microservices): ok (111.6s)
[11/64] CE-N16-012 (Vite (built as esbuild)/yarn (Berry)/Microservices): ok (120.1s)
[12/64] CE-N16-015 (Vite (built as esbuild)/bun/Monolith): FAIL:lint:oxlint,duplication,mutation (93.5s)
[13/64] CE-N16-011 (Vite (built as esbuild)/yarn (Berry)/Monolith): FAIL:lint:oxlint,duplication,mutation (131.6s)
[14/64] CE-N16-016 (Vite (built as esbuild)/bun/Microservices): ok (77.9s)
[15/64] CE-N16-022 (Webpack/pnpm/Microservices): ok (73.3s)
[16/64] CE-N16-020 (Webpack/yarn (Berry)/Microservices): ok (137.4s)
[17/64] CE-N16-021 (Webpack/pnpm/Monolith): FAIL:lint:oxlint,duplication,mutation (136.7s)
[18/64] CE-N16-019 (Webpack/yarn (Berry)/Monolith): FAIL:lint:oxlint,duplication,mutation (158.8s)
[19/64] CE-N16-018 (Webpack/npm/Microservices): ok (186.5s)
[20/64] CE-N16-009 (Vite (built as esbuild)/npm/Monolith): FAIL:lint:oxlint,duplication,mutation (325.1s)
[21/64] CE-N16-001 (esbuild/npm/Monolith): FAIL:lint:oxlint,duplication,mutation (413.0s)
[22/64] CE-N16-023 (Webpack/bun/Monolith): FAIL:lint:oxlint,duplication,mutation (115.4s)
[23/64] CE-N16-024 (Webpack/bun/Microservices): ok (100.2s)
[24/64] CE-N16-030 (Rollup/pnpm/Microservices): ok (50.5s)
[25/64] CE-N16-026 (Rollup/npm/Microservices): ok (114.8s)
[26/64] CE-N16-028 (Rollup/yarn (Berry)/Microservices): ok (110.0s)
[27/64] CE-N16-029 (Rollup/pnpm/Monolith): FAIL:lint:oxlint,duplication,mutation (113.1s)
[28/64] CE-N16-032 (Rollup/bun/Microservices): ok (75.1s)
[29/64] CE-N16-027 (Rollup/yarn (Berry)/Monolith): FAIL:lint:oxlint,duplication,mutation (162.0s)
[30/64] CE-N16-031 (Rollup/bun/Monolith): FAIL:lint:oxlint,duplication,mutation (105.9s)
[31/64] CE-N16-034 (Rspack/npm/Microservices): ok (87.1s)
[32/64] CE-N16-038 (Rspack/pnpm/Microservices): ok (61.8s)
[33/64] CE-N16-037 (Rspack/pnpm/Monolith): FAIL:lint:oxlint,duplication,mutation (104.4s)
[34/64] CE-N16-036 (Rspack/yarn (Berry)/Microservices): ok (130.3s)
[35/64] CE-N16-035 (Rspack/yarn (Berry)/Monolith): FAIL:lint:oxlint,duplication,mutation (188.1s)
[36/64] CE-N16-039 (Rspack/bun/Monolith): FAIL:lint:oxlint,duplication,mutation (114.0s)
[37/64] CE-N16-017 (Webpack/npm/Monolith): FAIL:lint:oxlint,duplication,mutation (544.0s)
[38/64] CE-N16-040 (Rspack/bun/Microservices): ok (100.3s)
[39/64] CE-N16-042 (Parcel/npm/Microservices): FAIL:build (132.6s)
[40/64] CE-N16-044 (Parcel/yarn (Berry)/Microservices): FAIL:build (116.0s)
[41/64] CE-N16-046 (Parcel/pnpm/Microservices): FAIL:build (86.9s)
[42/64] CE-N16-043 (Parcel/yarn (Berry)/Monolith): FAIL:lint:oxlint,duplication,mutation (138.7s)
[43/64] CE-N16-045 (Parcel/pnpm/Monolith): FAIL:build,lint:oxlint,duplication,mutation (101.7s)
[44/64] CE-N16-025 (Rollup/npm/Monolith): FAIL:lint:oxlint,duplication,mutation (480.3s)
[45/64] CE-N16-033 (Rspack/npm/Monolith): FAIL:lint:oxlint,duplication,mutation (361.7s)
[46/64] CE-N16-050 (Turbopack/npm/Microservices): ok (71.4s)
[47/64] CE-N16-048 (Parcel/bun/Microservices): FAIL:build (121.0s)
[48/64] CE-N16-054 (Turbopack/pnpm/Microservices): ok (47.3s)
[49/64] CE-N16-052 (Turbopack/yarn (Berry)/Microservices): ok (110.7s)
[50/64] CE-N16-047 (Parcel/bun/Monolith): FAIL:lint:oxlint,duplication,mutation (150.4s)
[51/64] CE-N16-053 (Turbopack/pnpm/Monolith): FAIL:lint:oxlint,duplication,mutation (108.6s)
[52/64] CE-N16-051 (Turbopack/yarn (Berry)/Monolith): FAIL:lint:oxlint,duplication,mutation (157.2s)
[53/64] CE-N16-056 (Turbopack/bun/Microservices): ok (77.2s)
[54/64] CE-N16-055 (Turbopack/bun/Monolith): FAIL:lint:oxlint,duplication,mutation (111.0s)
[55/64] CE-N16-058 (SWC/npm/Microservices): ok (115.4s)
[56/64] CE-N16-062 (SWC/pnpm/Microservices): ok (41.5s)
[57/64] CE-N16-060 (SWC/yarn (Berry)/Microservices): ok (109.9s)
[58/64] CE-N16-041 (Parcel/npm/Monolith): FAIL:lint:oxlint,duplication,mutation (455.3s)
[59/64] CE-N16-061 (SWC/pnpm/Monolith): FAIL:lint:oxlint,duplication,mutation (86.0s)
[60/64] CE-N16-059 (SWC/yarn (Berry)/Monolith): FAIL:lint:oxlint,duplication,mutation (149.8s)
[61/64] CE-N16-063 (SWC/bun/Monolith): FAIL:lint:oxlint,duplication,mutation (94.4s)
[62/64] CE-N16-064 (SWC/bun/Microservices): ok (79.8s)
[63/64] CE-N16-057 (SWC/npm/Monolith): FAIL:lint:oxlint,duplication,mutation (210.9s)
[64/64] CE-N16-049 (Turbopack/npm/Monolith): FAIL:lint:oxlint,duplication,mutation (349.3s)
Saved: C:\Users\Prajith K\Desktop\javascript corpus\main\results_N16.json
