Family N20: 64 branches to process (six=False partial=True mutation_only=False)
Using node dir: C:\Users\Prajith K\AppData\Roaming\fnm\node-versions\v20.20.2\installation -> node v20.20.2 npm 10.8.2
Parallel workers: 8
[1/64] CE-N20-001 (esbuild/npm/Monolith): install-FAIL (8.5s)
[2/64] CE-N20-002 (esbuild/npm/Microservices): install-FAIL (9.3s)
[3/64] CE-N20-010 (Vite (built as esbuild)/npm/Microservices): install-FAIL (2.0s)
[4/64] CE-N20-009 (Vite (built as esbuild)/npm/Monolith): install-FAIL (2.9s)
[5/64] CE-N20-008 (esbuild/bun/Microservices): install-FAIL (119.1s)
[6/64] CE-N20-004 (esbuild/yarn (Berry)/Microservices): ok (133.8s)
[7/64] CE-N20-006 (esbuild/pnpm/Microservices): ok (138.7s)
[8/64] CE-N20-012 (Vite (built as esbuild)/yarn (Berry)/Microservices): ok (128.0s)
[9/64] CE-N20-003 (esbuild/yarn (Berry)/Monolith): FAIL:lint:oxlint,mutation (166.0s)
[10/64] CE-N20-011 (Vite (built as esbuild)/yarn (Berry)/Monolith): FAIL:lint:oxlint,mutation (154.7s)
[11/64] CE-N20-017 (Webpack/npm/Monolith): install-FAIL (2.5s)
[12/64] CE-N20-018 (Webpack/npm/Microservices): install-FAIL (2.4s)
[13/64] CE-N20-014 (Vite (built as esbuild)/pnpm/Microservices): ok (44.9s)
[14/64] CE-N20-007 (esbuild/bun/Monolith): FAIL:lint:oxlint,mutation (220.6s)
[15/64] CE-N20-005 (esbuild/pnpm/Monolith): FAIL:lint:oxlint,mutation (223.8s)
[16/64] CE-N20-013 (Vite (built as esbuild)/pnpm/Monolith): FAIL:lint:oxlint,mutation (104.7s)
[17/64] CE-N20-016 (Vite (built as esbuild)/bun/Microservices): ok (141.7s)
[18/64] CE-N20-025 (Rollup/npm/Monolith): install-FAIL (1.5s)
[19/64] CE-N20-020 (Webpack/yarn (Berry)/Microservices): ok (115.1s)
[20/64] CE-N20-026 (Rollup/npm/Microservices): install-FAIL (1.1s)
[21/64] CE-N20-015 (Vite (built as esbuild)/bun/Monolith): FAIL:lint:oxlint,mutation (146.6s)
[22/64] CE-N20-019 (Webpack/yarn (Berry)/Monolith): FAIL:lint:oxlint,mutation (148.7s)
[23/64] CE-N20-022 (Webpack/pnpm/Microservices): ok (99.9s)
[24/64] CE-N20-028 (Rollup/yarn (Berry)/Microservices): ok (97.5s)
[25/64] CE-N20-021 (Webpack/pnpm/Monolith): FAIL:lint:oxlint,mutation (202.9s)
[26/64] CE-N20-033 (Rspack/npm/Monolith): install-FAIL (2.3s)
[27/64] CE-N20-034 (Rspack/npm/Microservices): install-FAIL (1.4s)
[28/64] CE-N20-030 (Rollup/pnpm/Microservices): ok (69.9s)
[29/64] CE-N20-029 (Rollup/pnpm/Monolith): FAIL:lint:oxlint,mutation (108.8s)
[30/64] CE-N20-027 (Rollup/yarn (Berry)/Monolith): FAIL:lint:oxlint,mutation (111.9s)
[31/64] CE-N20-024 (Webpack/bun/Microservices): ok (172.6s)
[32/64] CE-N20-031 (Rollup/bun/Monolith): FAIL:lint:oxlint,mutation (112.9s)
[33/64] CE-N20-023 (Webpack/bun/Monolith): FAIL:lint:oxlint,mutation (216.5s)
[34/64] CE-N20-041 (Parcel/npm/Monolith): install-FAIL (4.5s)
[35/64] CE-N20-042 (Parcel/npm/Microservices): install-FAIL (6.0s)
[36/64] CE-N20-036 (Rspack/yarn (Berry)/Microservices): ok (110.5s)
[37/64] CE-N20-032 (Rollup/bun/Microservices): ok (128.0s)
[38/64] CE-N20-035 (Rspack/yarn (Berry)/Monolith): FAIL:lint:oxlint,mutation (185.0s)
[39/64] CE-N20-038 (Rspack/pnpm/Microservices): ok (177.9s)
[40/64] CE-N20-040 (Rspack/bun/Microservices): ok (179.4s)
[41/64] CE-N20-043 (Parcel/yarn (Berry)/Monolith): FAIL:lint:oxlint,mutation (172.0s)
[42/64] CE-N20-044 (Parcel/yarn (Berry)/Microservices): ok (126.2s)
[43/64] CE-N20-049 (Turbopack/npm/Monolith): install-FAIL (1.3s)
[44/64] CE-N20-050 (Turbopack/npm/Microservices): install-FAIL (1.2s)
[45/64] CE-N20-037 (Rspack/pnpm/Monolith): FAIL:lint:oxlint,mutation (232.3s)
[46/64] CE-N20-039 (Rspack/bun/Monolith): FAIL:lint:oxlint,mutation (230.4s)
[47/64] CE-N20-046 (Parcel/pnpm/Microservices): ok (110.3s)
[48/64] CE-N20-045 (Parcel/pnpm/Monolith): FAIL:lint:oxlint,mutation (184.4s)
[49/64] CE-N20-052 (Turbopack/yarn (Berry)/Microservices): ok (87.3s)
[50/64] CE-N20-057 (SWC/npm/Monolith): install-FAIL (1.6s)
[51/64] CE-N20-058 (SWC/npm/Microservices): install-FAIL (1.3s)
[52/64] CE-N20-054 (Turbopack/pnpm/Microservices): ok (88.3s)
[53/64] CE-N20-048 (Parcel/bun/Microservices): ok (109.4s)
[54/64] CE-N20-051 (Turbopack/yarn (Berry)/Monolith): FAIL:lint:oxlint,mutation (101.7s)
[55/64] CE-N20-047 (Parcel/bun/Monolith): FAIL:lint:oxlint,mutation (154.1s)
[56/64] CE-N20-053 (Turbopack/pnpm/Monolith): FAIL:lint:oxlint,mutation (116.8s)
[57/64] CE-N20-056 (Turbopack/bun/Microservices): ok (111.9s)
[58/64] CE-N20-060 (SWC/yarn (Berry)/Microservices): ok (91.2s)
[59/64] CE-N20-055 (Turbopack/bun/Monolith): FAIL:lint:oxlint,mutation (125.9s)
[60/64] CE-N20-062 (SWC/pnpm/Microservices): ok (89.3s)
[61/64] CE-N20-059 (SWC/yarn (Berry)/Monolith): FAIL:lint:oxlint,mutation (101.1s)
[62/64] CE-N20-061 (SWC/pnpm/Monolith): FAIL:lint:oxlint,mutation (101.1s)
[63/64] CE-N20-064 (SWC/bun/Microservices): ok (97.1s)
[64/64] CE-N20-063 (SWC/bun/Monolith): FAIL:lint:oxlint,mutation (113.9s)
Saved: C:\Users\Prajith K\Desktop\javascript corpus\main\results_N20.json
