Family N26: 64 branches to process (six=False partial=True mutation_only=False)
Using node dir: C:\Users\Prajith K\AppData\Roaming\fnm\node-versions\v26.9.0\installation -> node v26.9.0 npm 11.19.1
Parallel workers: 8
[1/64] CE-N26-004 (esbuild/yarn (Berry)/Microservices): ok (92.2s)
[2/64] CE-N26-006 (esbuild/pnpm/Microservices): ok (96.0s)
[3/64] CE-N26-002 (esbuild/npm/Microservices): ok (107.6s)
[4/64] CE-N26-008 (esbuild/bun/Microservices): ok (112.7s)
[5/64] CE-N26-003 (esbuild/yarn (Berry)/Monolith): FAIL:lint:oxlint,mutation (116.1s)
[6/64] CE-N26-005 (esbuild/pnpm/Monolith): FAIL:lint:oxlint,mutation (121.7s)
[7/64] CE-N26-007 (esbuild/bun/Monolith): FAIL:lint:oxlint,mutation (129.6s)
[8/64] CE-N26-014 (Vite (built as esbuild)/pnpm/Microservices): ok (107.8s)
[9/64] CE-N26-012 (Vite (built as esbuild)/yarn (Berry)/Microservices): ok (117.0s)
[10/64] CE-N26-010 (Vite (built as esbuild)/npm/Microservices): ok (144.6s)
[11/64] CE-N26-015 (Vite (built as esbuild)/bun/Monolith): FAIL:lint:oxlint,mutation (119.0s)
[12/64] CE-N26-011 (Vite (built as esbuild)/yarn (Berry)/Monolith): FAIL:lint:oxlint,mutation (144.2s)
[13/64] CE-N26-013 (Vite (built as esbuild)/pnpm/Monolith): FAIL:lint:oxlint,mutation (141.2s)
[14/64] CE-N26-016 (Vite (built as esbuild)/bun/Microservices): ok (111.6s)
[15/64] CE-N26-020 (Webpack/yarn (Berry)/Microservices): ok (111.7s)
[16/64] CE-N26-022 (Webpack/pnpm/Microservices): ok (37.1s)
[17/64] CE-N26-019 (Webpack/yarn (Berry)/Monolith): FAIL:lint:oxlint,mutation (131.2s)
[18/64] CE-N26-021 (Webpack/pnpm/Monolith): FAIL:lint:oxlint,mutation (126.0s)
[19/64] CE-N26-018 (Webpack/npm/Microservices): ok (147.2s)
[20/64] CE-N26-001 (esbuild/npm/Monolith): FAIL:lint:oxlint,mutation (442.3s)
[21/64] CE-N26-024 (Webpack/bun/Microservices): ok (78.7s)
[22/64] CE-N26-026 (Rollup/npm/Microservices): ok (114.7s)
[23/64] CE-N26-028 (Rollup/yarn (Berry)/Microservices): ok (80.4s)
[24/64] CE-N26-027 (Rollup/yarn (Berry)/Monolith): FAIL:lint:oxlint,mutation (136.1s)
[25/64] CE-N26-023 (Webpack/bun/Monolith): FAIL:lint:oxlint,mutation (162.5s)
[26/64] CE-N26-030 (Rollup/pnpm/Microservices): ok (37.6s)
[27/64] CE-N26-029 (Rollup/pnpm/Monolith): FAIL:lint:oxlint,mutation (87.2s)
[28/64] CE-N26-009 (Vite (built as esbuild)/npm/Monolith): FAIL:lint:oxlint,mutation (461.3s)
[29/64] CE-N26-032 (Rollup/bun/Microservices): ok (106.8s)
[30/64] CE-N26-034 (Rspack/npm/Microservices): ok (109.8s)
[31/64] CE-N26-031 (Rollup/bun/Monolith): FAIL:lint:oxlint,mutation (128.7s)
[32/64] CE-N26-035 (Rspack/yarn (Berry)/Monolith): FAIL:lint:oxlint,mutation (133.8s)
[33/64] CE-N26-036 (Rspack/yarn (Berry)/Microservices): ok (152.3s)
[34/64] CE-N26-038 (Rspack/pnpm/Microservices): ok (63.0s)
[35/64] CE-N26-037 (Rspack/pnpm/Monolith): FAIL:lint:oxlint,mutation (87.4s)
[36/64] CE-N26-025 (Rollup/npm/Monolith): FAIL:lint:oxlint,mutation (356.6s)
[37/64] CE-N26-017 (Webpack/npm/Monolith): FAIL:lint:oxlint,mutation (507.7s)
[38/64] CE-N26-040 (Rspack/bun/Microservices): ok (119.6s)
[39/64] CE-N26-039 (Rspack/bun/Monolith): FAIL:lint:oxlint,mutation (184.5s)
[40/64] CE-N26-044 (Parcel/yarn (Berry)/Microservices): ok (128.1s)
[41/64] CE-N26-043 (Parcel/yarn (Berry)/Monolith): FAIL:lint:oxlint,mutation (148.8s)
[42/64] CE-N26-042 (Parcel/npm/Microservices): ok (164.5s)
[43/64] CE-N26-046 (Parcel/pnpm/Microservices): ok (76.4s)
[44/64] CE-N26-045 (Parcel/pnpm/Monolith): FAIL:lint:oxlint,mutation (156.0s)
[45/64] CE-N26-050 (Turbopack/npm/Microservices): ok (119.8s)
[46/64] CE-N26-052 (Turbopack/yarn (Berry)/Microservices): ok (113.5s)
[47/64] CE-N26-051 (Turbopack/yarn (Berry)/Monolith): FAIL:lint:oxlint,mutation (134.5s)
[48/64] CE-N26-048 (Parcel/bun/Microservices): ok (145.7s)
[49/64] CE-N26-033 (Rspack/npm/Monolith): FAIL:lint:oxlint,mutation (515.6s)
[50/64] CE-N26-047 (Parcel/bun/Monolith): FAIL:lint:oxlint,mutation (206.3s)
[51/64] CE-N26-054 (Turbopack/pnpm/Microservices): ok (44.2s)
[52/64] CE-N26-053 (Turbopack/pnpm/Monolith): FAIL:lint:oxlint,mutation (61.6s)
[53/64] CE-N26-056 (Turbopack/bun/Microservices): ok (108.3s)
[54/64] CE-N26-055 (Turbopack/bun/Monolith): FAIL:lint:oxlint,mutation (162.8s)
[55/64] CE-N26-060 (SWC/yarn (Berry)/Microservices): ok (140.6s)
[56/64] CE-N26-058 (SWC/npm/Microservices): ok (155.1s)
[57/64] CE-N26-059 (SWC/yarn (Berry)/Monolith): FAIL:lint:oxlint,mutation (147.2s)
[58/64] CE-N26-041 (Parcel/npm/Monolith): FAIL:lint:oxlint,mutation (494.9s)
[59/64] CE-N26-062 (SWC/pnpm/Microservices): ok (38.5s)
[60/64] CE-N26-061 (SWC/pnpm/Monolith): FAIL:lint:oxlint,mutation (95.1s)
[61/64] CE-N26-049 (Turbopack/npm/Monolith): FAIL:lint:oxlint,mutation (351.1s)
[62/64] CE-N26-064 (SWC/bun/Microservices): ok (67.1s)
[63/64] CE-N26-063 (SWC/bun/Monolith): FAIL:lint:oxlint,mutation (77.1s)
[64/64] CE-N26-057 (SWC/npm/Monolith): FAIL:lint:oxlint,mutation (242.4s)
Saved: C:\Users\Prajith K\Desktop\javascript corpus\main\results_N26.json
