Family N18: 64 branches to process (six=False partial=True)
Using node dir: C:\Users\Prajith K\AppData\Roaming\fnm\node-versions\v18.20.8\installation -> node v18.20.8 npm 10.8.2
Parallel workers: 8
[1/64] CE-N18-006 (esbuild/pnpm/Microservices): ok (79.9s)
[2/64] CE-N18-008 (esbuild/bun/Microservices): ok (83.7s)
[3/64] CE-N18-004 (esbuild/yarn (Berry)/Microservices): ok (113.9s)
[4/64] CE-N18-007 (esbuild/bun/Monolith): FAIL:lint:oxlint (115.8s)
[5/64] CE-N18-005 (esbuild/pnpm/Monolith): FAIL:lint:oxlint,mutation (116.0s)
[6/64] CE-N18-002 (esbuild/npm/Microservices): ok (117.0s)
[7/64] CE-N18-003 (esbuild/yarn (Berry)/Monolith): FAIL:lint:oxlint (150.0s)
[8/64] CE-N18-010 (Vite (built as esbuild)/npm/Microservices): ok (67.7s)
[9/64] CE-N18-014 (Vite (built as esbuild)/pnpm/Microservices): ok (57.9s)
[10/64] CE-N18-012 (Vite (built as esbuild)/yarn (Berry)/Microservices): ok (101.2s)
[11/64] CE-N18-013 (Vite (built as esbuild)/pnpm/Monolith): FAIL:lint:oxlint,mutation (103.5s)
[12/64] CE-N18-016 (Vite (built as esbuild)/bun/Microservices): ok (68.7s)
[13/64] CE-N18-011 (Vite (built as esbuild)/yarn (Berry)/Monolith): FAIL:lint:oxlint (120.9s)
[14/64] CE-N18-015 (Vite (built as esbuild)/bun/Monolith): FAIL:lint:oxlint (114.4s)
[15/64] CE-N18-020 (Webpack/yarn (Berry)/Microservices): ok (110.4s)
[16/64] CE-N18-022 (Webpack/pnpm/Microservices): ok (72.9s)
[17/64] CE-N18-018 (Webpack/npm/Microservices): ok (133.3s)
[18/64] CE-N18-021 (Webpack/pnpm/Monolith): FAIL:lint:oxlint,mutation (116.2s)
[19/64] CE-N18-019 (Webpack/yarn (Berry)/Monolith): FAIL:lint:oxlint (132.3s)
[20/64] CE-N18-001 (esbuild/npm/Monolith): ok (387.6s)
[21/64] CE-N18-026 (Rollup/npm/Microservices): ok (86.7s)
[22/64] CE-N18-024 (Webpack/bun/Microservices): ok (138.0s)
[23/64] CE-N18-028 (Rollup/yarn (Berry)/Microservices): ok (108.7s)
[24/64] CE-N18-027 (Rollup/yarn (Berry)/Monolith): FAIL:lint:oxlint (149.1s)
[25/64] CE-N18-009 (Vite (built as esbuild)/npm/Monolith): ok (425.9s)
[26/64] CE-N18-023 (Webpack/bun/Monolith): FAIL:lint:oxlint (177.9s)
[27/64] CE-N18-029 (Rollup/pnpm/Monolith): FAIL:lint:oxlint,mutation (72.3s)
[28/64] CE-N18-030 (Rollup/pnpm/Microservices): ok (39.6s)
[29/64] CE-N18-032 (Rollup/bun/Microservices): ok (80.7s)
[30/64] CE-N18-036 (Rspack/yarn (Berry)/Microservices): ok (109.3s)
[31/64] CE-N18-031 (Rollup/bun/Monolith): FAIL:lint:oxlint (134.4s)
[32/64] CE-N18-034 (Rspack/npm/Microservices): ok (126.3s)
[33/64] CE-N18-017 (Webpack/npm/Monolith): ok (495.7s)
[34/64] CE-N18-037 (Rspack/pnpm/Monolith): FAIL:lint:oxlint,mutation (90.5s)
[35/64] CE-N18-038 (Rspack/pnpm/Microservices): ok (54.7s)
[36/64] CE-N18-035 (Rspack/yarn (Berry)/Monolith): FAIL:lint:oxlint (176.5s)
[37/64] CE-N18-040 (Rspack/bun/Microservices): ok (106.0s)
[38/64] CE-N18-044 (Parcel/yarn (Berry)/Microservices): ok (112.1s)
[39/64] CE-N18-039 (Rspack/bun/Monolith): FAIL:lint:oxlint (182.1s)
[40/64] CE-N18-042 (Parcel/npm/Microservices): ok (151.8s)
[41/64] CE-N18-025 (Rollup/npm/Monolith): ok (473.8s)
[42/64] CE-N18-043 (Parcel/yarn (Berry)/Monolith): FAIL:lint:oxlint (155.1s)
[43/64] CE-N18-045 (Parcel/pnpm/Monolith): FAIL:lint:oxlint,mutation (102.6s)
[44/64] CE-N18-046 (Parcel/pnpm/Microservices): ok (46.9s)
[45/64] CE-N18-033 (Rspack/npm/Monolith): ok (391.7s)
[46/64] CE-N18-048 (Parcel/bun/Microservices): ok (97.6s)
[47/64] CE-N18-050 (Turbopack/npm/Microservices): ok (101.4s)
[48/64] CE-N18-052 (Turbopack/yarn (Berry)/Microservices): ok (101.1s)
[49/64] CE-N18-047 (Parcel/bun/Monolith): FAIL:lint:oxlint (154.5s)
[50/64] CE-N18-054 (Turbopack/pnpm/Microservices): ok (46.8s)
[51/64] CE-N18-053 (Turbopack/pnpm/Monolith): FAIL:lint:oxlint,mutation (78.5s)
[52/64] CE-N18-051 (Turbopack/yarn (Berry)/Monolith): FAIL:lint:oxlint (147.3s)
[53/64] CE-N18-056 (Turbopack/bun/Microservices): ok (67.9s)
[54/64] CE-N18-055 (Turbopack/bun/Monolith): FAIL:lint:oxlint (152.8s)
[55/64] CE-N18-060 (SWC/yarn (Berry)/Microservices): ok (97.8s)
[56/64] CE-N18-058 (SWC/npm/Microservices): ok (127.2s)
[57/64] CE-N18-061 (SWC/pnpm/Monolith): FAIL:lint:oxlint,mutation (107.9s)
[58/64] CE-N18-059 (SWC/yarn (Berry)/Monolith): FAIL:lint:oxlint (149.4s)
[59/64] CE-N18-041 (Parcel/npm/Monolith): ok (456.8s)
[60/64] CE-N18-062 (SWC/pnpm/Microservices): ok (49.5s)
[61/64] CE-N18-049 (Turbopack/npm/Monolith): ok (330.4s)
[62/64] CE-N18-064 (SWC/bun/Microservices): ok (71.8s)
[63/64] CE-N18-063 (SWC/bun/Monolith): FAIL:lint:oxlint (81.0s)
[64/64] CE-N18-057 (SWC/npm/Monolith): ok (208.7s)
Saved: C:\Users\Prajith K\Desktop\javascript corpus\main\results_N18.json
