Family N12: 64 branches to process (six=True partial=False)
Using node dir: C:\Users\Prajith K\AppData\Roaming\fnm\node-versions\v12.22.12\installation -> node v12.22.12 npm 6.14.16
Parallel workers: 8
[1/64] CE-N12-007 (esbuild/bun/Monolith): FAIL:lint,lint:oxlint,duplication,mutation (159.4s)
[2/64] CE-N12-008 (esbuild/bun/Microservices): FAIL:lint,lint:oxlint,duplication,mutation (161.9s)
[3/64] CE-N12-006 (esbuild/pnpm/Microservices): FAIL:lint,lint:oxlint,duplication,mutation (165.3s)
[4/64] CE-N12-005 (esbuild/pnpm/Monolith): FAIL:lint,lint:oxlint,duplication,mutation (172.0s)
[5/64] CE-N12-001 (esbuild/npm/Monolith): FAIL:lint,lint:oxlint,duplication,mutation (196.6s)
[6/64] CE-N12-002 (esbuild/npm/Microservices): FAIL:lint,lint:oxlint,duplication,mutation (269.4s)
[7/64] CE-N12-013 (Vite (built as esbuild)/pnpm/Monolith): FAIL:build,lint,lint:oxlint,duplication,mutation (149.2s)
[8/64] CE-N12-003 (esbuild/yarn (Berry)/Monolith): FAIL:lint,lint:oxlint,duplication,mutation (364.8s)
[9/64] CE-N12-004 (esbuild/yarn (Berry)/Microservices): FAIL:lint,lint:oxlint,duplication,mutation (374.4s)
[10/64] CE-N12-009 (Vite (built as esbuild)/npm/Monolith): FAIL:build,lint,lint:oxlint,duplication,mutation (220.4s)
[11/64] CE-N12-010 (Vite (built as esbuild)/npm/Microservices): FAIL:build,lint,lint:oxlint,duplication,mutation (219.0s)
[12/64] CE-N12-014 (Vite (built as esbuild)/pnpm/Microservices): FAIL:build,lint,lint:oxlint,duplication,mutation (125.3s)
[13/64] CE-N12-015 (Vite (built as esbuild)/bun/Monolith): FAIL:build,lint,lint:oxlint,duplication,mutation (102.4s)
[14/64] CE-N12-012 (Vite (built as esbuild)/yarn (Berry)/Microservices): FAIL:build,lint,lint:oxlint,duplication,mutation (278.3s)
[15/64] CE-N12-016 (Vite (built as esbuild)/bun/Microservices): FAIL:build,lint,lint:oxlint,duplication,mutation (89.1s)
[16/64] CE-N12-011 (Vite (built as esbuild)/yarn (Berry)/Monolith): FAIL:build,lint,lint:oxlint,duplication,mutation (326.4s)
[17/64] CE-N12-020 (Webpack/yarn (Berry)/Microservices): FAIL:lint,lint:oxlint,duplication,mutation (246.1s)
[18/64] CE-N12-019 (Webpack/yarn (Berry)/Monolith): FAIL:lint,lint:oxlint,duplication,mutation (261.5s)
[19/64] CE-N12-021 (Webpack/pnpm/Monolith): FAIL:lint,lint:oxlint,duplication,mutation (201.9s)
[20/64] CE-N12-022 (Webpack/pnpm/Microservices): FAIL:lint,lint:oxlint,duplication,mutation (200.0s)
[21/64] CE-N12-017 (Webpack/npm/Monolith): FAIL:lint,lint:oxlint,duplication,mutation (285.1s)
[22/64] CE-N12-018 (Webpack/npm/Microservices): FAIL:lint,lint:oxlint,duplication,mutation (279.8s)
[23/64] CE-N12-024 (Webpack/bun/Microservices): FAIL:lint,lint:oxlint,duplication,mutation (192.0s)
[24/64] CE-N12-023 (Webpack/bun/Monolith): FAIL:lint,lint:oxlint,duplication,mutation (243.1s)
[25/64] CE-N12-031 (Rollup/bun/Monolith): FAIL:build,lint,lint:oxlint,duplication,mutation (152.6s)
[26/64] CE-N12-032 (Rollup/bun/Microservices): FAIL:build,lint,lint:oxlint,duplication,mutation (139.7s)
[27/64] CE-N12-029 (Rollup/pnpm/Monolith): FAIL:build,lint,lint:oxlint,duplication,mutation (178.7s)
[28/64] CE-N12-030 (Rollup/pnpm/Microservices): FAIL:build,lint,lint:oxlint,duplication,mutation (180.7s)
[29/64] CE-N12-027 (Rollup/yarn (Berry)/Monolith): FAIL:build,lint,lint:oxlint,duplication,mutation (191.8s)
[30/64] CE-N12-028 (Rollup/yarn (Berry)/Microservices): FAIL:build,lint,lint:oxlint,duplication,mutation (191.6s)
[31/64] CE-N12-026 (Rollup/npm/Microservices): FAIL:build,lint,lint:oxlint,duplication,mutation (213.2s)
[32/64] CE-N12-025 (Rollup/npm/Monolith): FAIL:build,lint,lint:oxlint,duplication,mutation (217.1s)
[33/64] CE-N12-037 (Rspack/pnpm/Monolith): FAIL:build,lint,lint:oxlint,duplication,mutation (198.8s)
[34/64] CE-N12-038 (Rspack/pnpm/Microservices): FAIL:build,lint,lint:oxlint,duplication,mutation (199.0s)
[35/64] CE-N12-039 (Rspack/bun/Monolith): FAIL:build,lint,lint:oxlint,duplication,mutation (187.0s)
[36/64] CE-N12-040 (Rspack/bun/Microservices): FAIL:build,lint,lint:oxlint,duplication,mutation (185.0s)
[37/64] CE-N12-034 (Rspack/npm/Microservices): FAIL:build,lint,lint:oxlint,duplication,mutation (214.1s)
[38/64] CE-N12-033 (Rspack/npm/Monolith): FAIL:build,lint,lint:oxlint,duplication,mutation (214.4s)
[39/64] CE-N12-035 (Rspack/yarn (Berry)/Monolith): FAIL:build,lint,lint:oxlint,duplication,mutation (231.9s)
[40/64] CE-N12-036 (Rspack/yarn (Berry)/Microservices): FAIL:build,lint,lint:oxlint,duplication,mutation (232.0s)
[41/64] CE-N12-048 (Parcel/bun/Microservices): FAIL:build,lint,lint:oxlint,duplication,mutation (161.0s)
[42/64] CE-N12-047 (Parcel/bun/Monolith): FAIL:build,lint,lint:oxlint,duplication,mutation (169.5s)
[43/64] CE-N12-045 (Parcel/pnpm/Monolith): FAIL:build,lint,lint:oxlint,duplication,mutation (191.4s)
[44/64] CE-N12-046 (Parcel/pnpm/Microservices): FAIL:build,lint,lint:oxlint,duplication,mutation (193.0s)
[45/64] CE-N12-041 (Parcel/npm/Monolith): FAIL:build,lint,lint:oxlint,duplication,mutation (226.8s)
[46/64] CE-N12-042 (Parcel/npm/Microservices): FAIL:build,lint,lint:oxlint,duplication,mutation (229.9s)
[47/64] CE-N12-043 (Parcel/yarn (Berry)/Monolith): FAIL:build,lint,lint:oxlint,duplication,mutation (319.3s)
[48/64] CE-N12-044 (Parcel/yarn (Berry)/Microservices): FAIL:build,lint,lint:oxlint,duplication,mutation (320.9s)
[49/64] CE-N12-053 (Turbopack/pnpm/Monolith): FAIL:lint,lint:oxlint,duplication,mutation (174.7s)
[50/64] CE-N12-054 (Turbopack/pnpm/Microservices): FAIL:lint,lint:oxlint,duplication,mutation (174.1s)
[51/64] CE-N12-049 (Turbopack/npm/Monolith): FAIL:lint,lint:oxlint,duplication,mutation (225.3s)
[52/64] CE-N12-050 (Turbopack/npm/Microservices): FAIL:lint,lint:oxlint,duplication,mutation (219.1s)
[53/64] CE-N12-051 (Turbopack/yarn (Berry)/Monolith): FAIL:lint,lint:oxlint,duplication,mutation (274.9s)
[54/64] CE-N12-052 (Turbopack/yarn (Berry)/Microservices): FAIL:lint,lint:oxlint,duplication,mutation (308.8s)
[55/64] CE-N12-055 (Turbopack/bun/Monolith): FAIL:lint,lint:oxlint,duplication,mutation (234.9s)
[56/64] CE-N12-056 (Turbopack/bun/Microservices): FAIL:lint,lint:oxlint,duplication,mutation (233.3s)
[57/64] CE-N12-057 (SWC/npm/Monolith): FAIL:build,lint,lint:oxlint,duplication,mutation (206.3s)
[58/64] CE-N12-058 (SWC/npm/Microservices): FAIL:build,lint,lint:oxlint,duplication,mutation (203.6s)
[59/64] CE-N12-061 (SWC/pnpm/Monolith): FAIL:build,lint,lint:oxlint,duplication,mutation (140.6s)
[60/64] CE-N12-062 (SWC/pnpm/Microservices): FAIL:build,lint,lint:oxlint,duplication,mutation (109.3s)
[61/64] CE-N12-059 (SWC/yarn (Berry)/Monolith): FAIL:build,lint,lint:oxlint,duplication,mutation (214.7s)
[62/64] CE-N12-060 (SWC/yarn (Berry)/Microservices): FAIL:build,lint,lint:oxlint,duplication,mutation (214.7s)
[63/64] CE-N12-064 (SWC/bun/Microservices): FAIL:build,lint,lint:oxlint,duplication,mutation (83.3s)
[64/64] CE-N12-063 (SWC/bun/Monolith): FAIL:build,lint,lint:oxlint,duplication,mutation (85.8s)
Saved: C:\Users\Prajith K\Desktop\javascript corpus\main\results_N12.json
