Family N22: 64 branches to process (six=False partial=True mutation_only=False)
Using node dir: C:\Users\Prajith K\AppData\Roaming\fnm\node-versions\v22.23.2\installation -> node v22.23.2 npm 10.9.8
Parallel workers: 8
[1/64] CE-N22-004 (esbuild/yarn (Berry)/Microservices): ok (98.6s)
[2/64] CE-N22-007 (esbuild/bun/Monolith): install-FAIL (98.8s)
[3/64] CE-N22-006 (esbuild/pnpm/Microservices): ok (101.5s)
[4/64] CE-N22-002 (esbuild/npm/Microservices): ok (104.5s)
[5/64] CE-N22-008 (esbuild/bun/Microservices): ok (109.6s)
[6/64] CE-N22-003 (esbuild/yarn (Berry)/Monolith): FAIL:lint:oxlint,mutation (135.9s)
[7/64] CE-N22-005 (esbuild/pnpm/Monolith): FAIL:lint:oxlint,mutation (140.4s)
[8/64] CE-N22-012 (Vite (built as esbuild)/yarn (Berry)/Microservices): ok (102.8s)
[9/64] CE-N22-010 (Vite (built as esbuild)/npm/Microservices): ok (108.5s)
[10/64] CE-N22-014 (Vite (built as esbuild)/pnpm/Microservices): ok (74.8s)
[11/64] CE-N22-011 (Vite (built as esbuild)/yarn (Berry)/Monolith): FAIL:lint:oxlint,mutation (128.3s)
[12/64] CE-N22-013 (Vite (built as esbuild)/pnpm/Monolith): FAIL:lint:oxlint,mutation (124.9s)
[13/64] CE-N22-015 (Vite (built as esbuild)/bun/Monolith): FAIL:lint:oxlint,mutation (96.7s)
[14/64] CE-N22-016 (Vite (built as esbuild)/bun/Microservices): ok (100.3s)
[15/64] CE-N22-022 (Webpack/pnpm/Microservices): ok (79.0s)
[16/64] CE-N22-019 (Webpack/yarn (Berry)/Monolith): FAIL:lint:oxlint,mutation (159.7s)
[17/64] CE-N22-020 (Webpack/yarn (Berry)/Microservices): ok (159.3s)
[18/64] CE-N22-021 (Webpack/pnpm/Monolith): FAIL:lint:oxlint,mutation (159.4s)
[19/64] CE-N22-018 (Webpack/npm/Microservices): ok (190.4s)
[20/64] CE-N22-001 (esbuild/npm/Monolith): FAIL:lint:oxlint,mutation (463.9s)
[21/64] CE-N22-009 (Vite (built as esbuild)/npm/Monolith): FAIL:lint:oxlint,mutation (378.0s)
[22/64] CE-N22-024 (Webpack/bun/Microservices): ok (88.5s)
[23/64] CE-N22-026 (Rollup/npm/Microservices): ok (84.7s)
[24/64] CE-N22-027 (Rollup/yarn (Berry)/Monolith): FAIL:lint:oxlint,mutation (129.8s)
[25/64] CE-N22-023 (Webpack/bun/Monolith): FAIL:lint:oxlint,mutation (146.8s)
[26/64] CE-N22-028 (Rollup/yarn (Berry)/Microservices): ok (73.9s)
[27/64] CE-N22-030 (Rollup/pnpm/Microservices): ok (66.9s)
[28/64] CE-N22-029 (Rollup/pnpm/Monolith): FAIL:lint:oxlint,mutation (89.9s)
[29/64] CE-N22-032 (Rollup/bun/Microservices): ok (100.0s)
[30/64] CE-N22-031 (Rollup/bun/Monolith): FAIL:lint:oxlint,mutation (170.5s)
[31/64] CE-N22-034 (Rspack/npm/Microservices): ok (115.7s)
[32/64] CE-N22-036 (Rspack/yarn (Berry)/Microservices): ok (144.7s)
[33/64] CE-N22-035 (Rspack/yarn (Berry)/Monolith): FAIL:lint:oxlint,mutation (170.7s)
[34/64] CE-N22-038 (Rspack/pnpm/Microservices): ok (64.6s)
[35/64] CE-N22-037 (Rspack/pnpm/Monolith): FAIL:lint:oxlint,mutation (96.2s)
[36/64] CE-N22-025 (Rollup/npm/Monolith): FAIL:lint:oxlint,mutation (343.8s)
[37/64] CE-N22-017 (Webpack/npm/Monolith): FAIL:lint:oxlint,mutation (530.9s)
[38/64] CE-N22-039 (Rspack/bun/Monolith): FAIL:lint:oxlint,mutation (133.0s)
[39/64] CE-N22-040 (Rspack/bun/Microservices): ok (115.2s)
[40/64] CE-N22-044 (Parcel/yarn (Berry)/Microservices): ok (144.2s)
[41/64] CE-N22-046 (Parcel/pnpm/Microservices): ok (104.4s)
[42/64] CE-N22-045 (Parcel/pnpm/Monolith): FAIL:lint:oxlint,mutation (155.4s)
[43/64] CE-N22-042 (Parcel/npm/Microservices): ok (180.3s)
[44/64] CE-N22-043 (Parcel/yarn (Berry)/Monolith): FAIL:lint:oxlint,mutation (169.8s)
[45/64] CE-N22-047 (Parcel/bun/Monolith): FAIL:lint:oxlint,mutation (105.8s)
[46/64] CE-N22-048 (Parcel/bun/Microservices): ok (89.9s)
[47/64] CE-N22-050 (Turbopack/npm/Microservices): ok (100.7s)
[48/64] CE-N22-052 (Turbopack/yarn (Berry)/Microservices): ok (102.6s)
[49/64] CE-N22-054 (Turbopack/pnpm/Microservices): ok (39.2s)
[50/64] CE-N22-033 (Rspack/npm/Monolith): FAIL:lint:oxlint,mutation (478.4s)
[51/64] CE-N22-051 (Turbopack/yarn (Berry)/Monolith): FAIL:lint:oxlint,mutation (116.8s)
[52/64] CE-N22-053 (Turbopack/pnpm/Monolith): FAIL:lint:oxlint,mutation (85.2s)
[53/64] CE-N22-056 (Turbopack/bun/Microservices): ok (100.6s)
[54/64] CE-N22-060 (SWC/yarn (Berry)/Microservices): ok (105.3s)
[55/64] CE-N22-058 (SWC/npm/Microservices): ok (114.9s)
[56/64] CE-N22-055 (Turbopack/bun/Monolith): FAIL:lint:oxlint,mutation (132.6s)
[57/64] CE-N22-059 (SWC/yarn (Berry)/Monolith): FAIL:lint:oxlint,mutation (147.3s)
[58/64] CE-N22-041 (Parcel/npm/Monolith): FAIL:lint:oxlint,mutation (447.6s)
[59/64] CE-N22-062 (SWC/pnpm/Microservices): ok (49.0s)
[60/64] CE-N22-061 (SWC/pnpm/Monolith): FAIL:lint:oxlint,mutation (75.8s)
[61/64] CE-N22-049 (Turbopack/npm/Monolith): FAIL:lint:oxlint,mutation (298.0s)
[62/64] CE-N22-064 (SWC/bun/Microservices): ok (77.4s)
[63/64] CE-N22-063 (SWC/bun/Monolith): FAIL:lint:oxlint,mutation (85.2s)
[64/64] CE-N22-057 (SWC/npm/Monolith): FAIL:lint:oxlint,mutation (210.4s)
Saved: C:\Users\Prajith K\Desktop\javascript corpus\main\results_N22.json
