Family N12: 64 branches to process (six-checks=True)
Using node dir: C:\Users\Prajith K\AppData\Roaming\fnm\node-versions\v12.22.12\installation -> node v12.22.12 npm 6.14.16
[1/64] CE-N12-001 (esbuild/npm/Monolith): FAIL:lint,lint:oxlint,duplication,mutation (12.7s)
[2/64] CE-N12-002 (esbuild/npm/Microservices): FAIL:test,lint,lint:oxlint,coverage,duplication,mutation (78.9s)
[3/64] CE-N12-003 (esbuild/yarn (Berry)/Monolith): FAIL:lint,lint:oxlint,duplication,mutation (128.9s)
[4/64] CE-N12-004 (esbuild/yarn (Berry)/Microservices): FAIL:test,lint,lint:oxlint,coverage,duplication,mutation (119.9s)
[5/64] CE-N12-005 (esbuild/pnpm/Monolith): FAIL:lint,lint:oxlint,duplication,mutation (71.3s)
[6/64] CE-N12-006 (esbuild/pnpm/Microservices): FAIL:test,lint,lint:oxlint,coverage,duplication,mutation (22.4s)
[7/64] CE-N12-007 (esbuild/bun/Monolith): FAIL:lint,lint:oxlint,duplication,mutation (117.6s)
[8/64] CE-N12-008 (esbuild/bun/Microservices): FAIL:test,lint,lint:oxlint,coverage,duplication,mutation (58.1s)
[9/64] CE-N12-009 (Vite (built as esbuild)/npm/Monolith): FAIL:build,lint,lint:oxlint,duplication,mutation (88.2s)
[10/64] CE-N12-010 (Vite (built as esbuild)/npm/Microservices): FAIL:test,build,lint,lint:oxlint,coverage,duplication,mutation (91.2s)
[11/64] CE-N12-011 (Vite (built as esbuild)/yarn (Berry)/Monolith): FAIL:build,lint,lint:oxlint,duplication,mutation (104.2s)
[12/64] CE-N12-012 (Vite (built as esbuild)/yarn (Berry)/Microservices): FAIL:test,build,lint,lint:oxlint,coverage,duplication,mutation (117.3s)
[13/64] CE-N12-013 (Vite (built as esbuild)/pnpm/Monolith): FAIL:build,lint,lint:oxlint,duplication,mutation (29.8s)
[14/64] CE-N12-014 (Vite (built as esbuild)/pnpm/Microservices): FAIL:test,build,lint,lint:oxlint,coverage,duplication,mutation (27.2s)
[15/64] CE-N12-015 (Vite (built as esbuild)/bun/Monolith): FAIL:build,lint,lint:oxlint,duplication,mutation (71.3s)
[16/64] CE-N12-016 (Vite (built as esbuild)/bun/Microservices): FAIL:test,build,lint,lint:oxlint,coverage,duplication,mutation (64.8s)
[17/64] CE-N12-017 (Webpack/npm/Monolith): FAIL:build,lint,lint:oxlint,duplication,mutation (116.3s)
[18/64] CE-N12-018 (Webpack/npm/Microservices): FAIL:test,build,lint,lint:oxlint,coverage,duplication,mutation (111.4s)
[19/64] CE-N12-019 (Webpack/yarn (Berry)/Monolith): FAIL:build,lint,lint:oxlint,duplication,mutation (131.7s)
[20/64] CE-N12-020 (Webpack/yarn (Berry)/Microservices): FAIL:test,build,lint,lint:oxlint,coverage,duplication,mutation (129.4s)
[21/64] CE-N12-021 (Webpack/pnpm/Monolith): FAIL:build,lint,lint:oxlint,duplication,mutation (30.8s)
[22/64] CE-N12-022 (Webpack/pnpm/Microservices): FAIL:test,build,lint,lint:oxlint,coverage,duplication,mutation (26.0s)
[23/64] CE-N12-023 (Webpack/bun/Monolith): FAIL:build,lint,lint:oxlint,duplication,mutation (77.9s)
[24/64] CE-N12-024 (Webpack/bun/Microservices): FAIL:test,build,lint,lint:oxlint,coverage,duplication,mutation (67.2s)
[25/64] CE-N12-025 (Rollup/npm/Monolith): FAIL:build,lint,lint:oxlint,duplication,mutation (99.1s)
[26/64] CE-N12-026 (Rollup/npm/Microservices): FAIL:test,build,lint,lint:oxlint,coverage,duplication,mutation (88.5s)
[27/64] CE-N12-027 (Rollup/yarn (Berry)/Monolith): FAIL:build,lint,lint:oxlint,duplication,mutation (103.9s)
[28/64] CE-N12-028 (Rollup/yarn (Berry)/Microservices): FAIL:test,build,lint,lint:oxlint,coverage,duplication,mutation (97.5s)
[29/64] CE-N12-029 (Rollup/pnpm/Monolith): FAIL:build,lint,lint:oxlint,duplication,mutation (19.2s)
[30/64] CE-N12-030 (Rollup/pnpm/Microservices): FAIL:test,build,lint,lint:oxlint,coverage,duplication,mutation (19.1s)
[31/64] CE-N12-031 (Rollup/bun/Monolith): FAIL:build,lint,lint:oxlint,duplication,mutation (59.1s)
[32/64] CE-N12-032 (Rollup/bun/Microservices): FAIL:test,build,lint,lint:oxlint,coverage,duplication,mutation (59.1s)
[33/64] CE-N12-033 (Rspack/npm/Monolith): FAIL:build,lint,lint:oxlint,duplication,mutation (99.1s)
[34/64] CE-N12-034 (Rspack/npm/Microservices): FAIL:test,build,lint,lint:oxlint,coverage,duplication,mutation (97.6s)
[35/64] CE-N12-035 (Rspack/yarn (Berry)/Monolith): FAIL:build,lint,lint:oxlint,duplication,mutation (114.8s)
[36/64] CE-N12-036 (Rspack/yarn (Berry)/Microservices): FAIL:test,build,lint,lint:oxlint,coverage,duplication,mutation (112.6s)
[37/64] CE-N12-037 (Rspack/pnpm/Monolith): FAIL:build,lint,lint:oxlint,duplication,mutation (24.8s)
[38/64] CE-N12-038 (Rspack/pnpm/Microservices): FAIL:test,build,lint,lint:oxlint,coverage,duplication,mutation (21.1s)
[39/64] CE-N12-039 (Rspack/bun/Monolith): FAIL:build,lint,lint:oxlint,duplication,mutation (81.8s)
[40/64] CE-N12-040 (Rspack/bun/Microservices): FAIL:test,build,lint,lint:oxlint,coverage,duplication,mutation (71.9s)
[41/64] CE-N12-041 (Parcel/npm/Monolith): FAIL:build,lint,lint:oxlint,duplication,mutation (110.4s)
[42/64] CE-N12-042 (Parcel/npm/Microservices): FAIL:test,build,lint,lint:oxlint,coverage,duplication,mutation (93.5s)
[43/64] CE-N12-043 (Parcel/yarn (Berry)/Monolith): FAIL:build,lint,lint:oxlint,duplication,mutation (119.4s)
[44/64] CE-N12-044 (Parcel/yarn (Berry)/Microservices): FAIL:test,build,lint,lint:oxlint,coverage,duplication,mutation (107.9s)
[45/64] CE-N12-045 (Parcel/pnpm/Monolith): FAIL:build,lint,lint:oxlint,duplication,mutation (24.2s)
[46/64] CE-N12-046 (Parcel/pnpm/Microservices): FAIL:test,build,lint,lint:oxlint,coverage,duplication,mutation (21.7s)
[47/64] CE-N12-047 (Parcel/bun/Monolith): FAIL:build,lint,lint:oxlint,duplication,mutation (71.2s)
[48/64] CE-N12-048 (Parcel/bun/Microservices): FAIL:test,build,lint,lint:oxlint,coverage,duplication,mutation (64.7s)
[49/64] CE-N12-049 (Turbopack/npm/Monolith): FAIL:build,lint,lint:oxlint,duplication,mutation (94.1s)
[50/64] CE-N12-050 (Turbopack/npm/Microservices): FAIL:test,build,lint,lint:oxlint,coverage,duplication,mutation (91.9s)
[51/64] CE-N12-051 (Turbopack/yarn (Berry)/Monolith): FAIL:build,lint,lint:oxlint,duplication,mutation (99.4s)
[52/64] CE-N12-052 (Turbopack/yarn (Berry)/Microservices): FAIL:test,build,lint,lint:oxlint,coverage,duplication,mutation (97.7s)
[53/64] CE-N12-053 (Turbopack/pnpm/Monolith): FAIL:build,lint,lint:oxlint,duplication,mutation (19.9s)
[54/64] CE-N12-054 (Turbopack/pnpm/Microservices): FAIL:test,build,lint,lint:oxlint,coverage,duplication,mutation (18.2s)
[55/64] CE-N12-055 (Turbopack/bun/Monolith): FAIL:build,lint,lint:oxlint,duplication,mutation (58.0s)
[56/64] CE-N12-056 (Turbopack/bun/Microservices): FAIL:test,build,lint,lint:oxlint,coverage,duplication,mutation (59.1s)
[57/64] CE-N12-057 (SWC/npm/Monolith): FAIL:build,lint,lint:oxlint,duplication,mutation (93.8s)
[58/64] CE-N12-058 (SWC/npm/Microservices): FAIL:test,build,lint,lint:oxlint,coverage,duplication,mutation (90.6s)
[59/64] CE-N12-059 (SWC/yarn (Berry)/Monolith): FAIL:build,lint,lint:oxlint,duplication,mutation (106.9s)
[60/64] CE-N12-060 (SWC/yarn (Berry)/Microservices): FAIL:test,build,lint,lint:oxlint,coverage,duplication,mutation (105.3s)
[61/64] CE-N12-061 (SWC/pnpm/Monolith): FAIL:build,lint,lint:oxlint,duplication,mutation (20.6s)
[62/64] CE-N12-062 (SWC/pnpm/Microservices): FAIL:test,build,lint,lint:oxlint,coverage,duplication,mutation (19.2s)
[63/64] CE-N12-063 (SWC/bun/Monolith): FAIL:build,lint,lint:oxlint,duplication,mutation (68.8s)
[64/64] CE-N12-064 (SWC/bun/Microservices): FAIL:test,build,lint,lint:oxlint,coverage,duplication,mutation (62.4s)
Saved: C:\Users\Prajith K\Desktop\javascript corpus\main\results_N12.json
