Family N18: 64 branches to process (six=False partial=True)
Using node dir: C:\Users\Prajith K\AppData\Roaming\fnm\node-versions\v18.20.8\installation -> node v18.20.8 npm 10.8.2
Parallel workers: 8
[1/64] CE-N18-006 (esbuild/pnpm/Microservices): ok (85.1s)
[2/64] CE-N18-008 (esbuild/bun/Microservices): ok (88.7s)
[3/64] CE-N18-004 (esbuild/yarn (Berry)/Microservices): ok (109.6s)
[4/64] CE-N18-002 (esbuild/npm/Microservices): ok (115.6s)
[5/64] CE-N18-007 (esbuild/bun/Monolith): FAIL:lint:oxlint (117.4s)
[6/64] CE-N18-005 (esbuild/pnpm/Monolith): FAIL:lint:oxlint (126.7s)
[7/64] CE-N18-003 (esbuild/yarn (Berry)/Monolith): FAIL:lint:oxlint (169.2s)
[8/64] CE-N18-014 (Vite (built as esbuild)/pnpm/Microservices): ok (44.4s)
[9/64] CE-N18-010 (Vite (built as esbuild)/npm/Microservices): ok (131.2s)
[10/64] CE-N18-012 (Vite (built as esbuild)/yarn (Berry)/Microservices): ok (106.7s)
[11/64] CE-N18-013 (Vite (built as esbuild)/pnpm/Monolith): FAIL:lint:oxlint (105.3s)
[12/64] CE-N18-016 (Vite (built as esbuild)/bun/Microservices): ok (59.4s)
[13/64] CE-N18-011 (Vite (built as esbuild)/yarn (Berry)/Monolith): FAIL:lint:oxlint (156.0s)
[14/64] CE-N18-015 (Vite (built as esbuild)/bun/Monolith): FAIL:lint:oxlint (126.4s)
[15/64] CE-N18-022 (Webpack/pnpm/Microservices): ok (48.4s)
[16/64] CE-N18-020 (Webpack/yarn (Berry)/Microservices): ok (115.9s)
[17/64] CE-N18-021 (Webpack/pnpm/Monolith): FAIL:lint:oxlint (95.7s)
[18/64] CE-N18-019 (Webpack/yarn (Berry)/Monolith): FAIL:lint:oxlint (145.3s)
[19/64] CE-N18-018 (Webpack/npm/Microservices): ok (149.9s)
[20/64] CE-N18-024 (Webpack/bun/Microservices): ok (66.1s)
[21/64] CE-N18-026 (Rollup/npm/Microservices): ok (110.6s)
[22/64] CE-N18-001 (esbuild/npm/Monolith): ok (493.0s)
[23/64] CE-N18-028 (Rollup/yarn (Berry)/Microservices): ok (92.9s)
[24/64] CE-N18-023 (Webpack/bun/Monolith): FAIL:lint:oxlint (162.6s)
[25/64] CE-N18-009 (Vite (built as esbuild)/npm/Monolith): ok (427.5s)
[26/64] CE-N18-027 (Rollup/yarn (Berry)/Monolith): FAIL:lint:oxlint (156.8s)
[27/64] CE-N18-030 (Rollup/pnpm/Microservices): ok (41.0s)
[28/64] CE-N18-029 (Rollup/pnpm/Monolith): FAIL:lint:oxlint (66.1s)
[29/64] CE-N18-032 (Rollup/bun/Microservices): ok (73.2s)
[30/64] CE-N18-036 (Rspack/yarn (Berry)/Microservices): ok (104.0s)
[31/64] CE-N18-034 (Rspack/npm/Microservices): ok (140.0s)
[32/64] CE-N18-031 (Rollup/bun/Monolith): FAIL:lint:oxlint (168.1s)
[33/64] CE-N18-037 (Rspack/pnpm/Monolith): FAIL:lint:oxlint (103.6s)
[34/64] CE-N18-038 (Rspack/pnpm/Microservices): ok (43.7s)
[35/64] CE-N18-025 (Rollup/npm/Monolith): ok (336.2s)
[36/64] CE-N18-017 (Webpack/npm/Monolith): ok (478.7s)
[37/64] CE-N18-035 (Rspack/yarn (Berry)/Monolith): FAIL:lint:oxlint (182.1s)
[38/64] CE-N18-040 (Rspack/bun/Microservices): ok (94.5s)
[39/64] CE-N18-039 (Rspack/bun/Monolith): FAIL:lint:oxlint (125.2s)
[40/64] CE-N18-042 (Parcel/npm/Microservices): ok (113.1s)
[41/64] CE-N18-046 (Parcel/pnpm/Microservices): ok (48.2s)
[42/64] CE-N18-044 (Parcel/yarn (Berry)/Microservices): ok (124.2s)
[43/64] CE-N18-045 (Parcel/pnpm/Monolith): FAIL:lint:oxlint (126.4s)
[44/64] CE-N18-043 (Parcel/yarn (Berry)/Monolith): FAIL:lint:oxlint (149.1s)
[45/64] CE-N18-048 (Parcel/bun/Microservices): ok (96.9s)
[46/64] CE-N18-052 (Turbopack/yarn (Berry)/Microservices): ok (84.5s)
[47/64] CE-N18-050 (Turbopack/npm/Microservices): ok (125.9s)
[48/64] CE-N18-047 (Parcel/bun/Monolith): FAIL:lint:oxlint (157.6s)
[49/64] CE-N18-054 (Turbopack/pnpm/Microservices): ok (41.1s)
[50/64] CE-N18-033 (Rspack/npm/Monolith): ok (460.9s)
[51/64] CE-N18-053 (Turbopack/pnpm/Monolith): FAIL:lint:oxlint (77.4s)
[52/64] CE-N18-051 (Turbopack/yarn (Berry)/Monolith): FAIL:lint:oxlint (143.5s)
[53/64] CE-N18-056 (Turbopack/bun/Microservices): ok (68.2s)
[54/64] CE-N18-055 (Turbopack/bun/Monolith): FAIL:lint:oxlint (128.2s)
[55/64] CE-N18-060 (SWC/yarn (Berry)/Microservices): ok (97.6s)
[56/64] CE-N18-058 (SWC/npm/Microservices): ok (130.8s)
[57/64] CE-N18-041 (Parcel/npm/Monolith): ok (433.7s)
[58/64] CE-N18-062 (SWC/pnpm/Microservices): ok (44.9s)
[59/64] CE-N18-061 (SWC/pnpm/Monolith): FAIL:lint:oxlint (102.0s)
[60/64] CE-N18-059 (SWC/yarn (Berry)/Monolith): FAIL:lint:oxlint (146.0s)
[61/64] CE-N18-049 (Turbopack/npm/Monolith): ok (335.0s)
[62/64] CE-N18-063 (SWC/bun/Monolith): FAIL:lint:oxlint (76.4s)
[63/64] CE-N18-064 (SWC/bun/Microservices): ok (57.7s)
[64/64] CE-N18-057 (SWC/npm/Monolith): ok (203.0s)
Saved: C:\Users\Prajith K\Desktop\javascript corpus\main\results_N18.json
