Family N24: 64 branches to process (six=False partial=True mutation_only=False)
Using node dir: C:\Users\Prajith K\AppData\Roaming\fnm\node-versions\v24.21.0\installation -> node v24.21.0 npm 11.19.0
Parallel workers: 8
[1/64] CE-N24-008 (esbuild/bun/Microservices): ok (94.8s)
[2/64] CE-N24-004 (esbuild/yarn (Berry)/Microservices): ok (94.9s)
[3/64] CE-N24-006 (esbuild/pnpm/Microservices): ok (95.5s)
[4/64] CE-N24-002 (esbuild/npm/Microservices): ok (111.0s)
[5/64] CE-N24-007 (esbuild/bun/Monolith): FAIL:lint:oxlint,mutation (115.1s)
[6/64] CE-N24-003 (esbuild/yarn (Berry)/Monolith): FAIL:lint:oxlint,mutation (128.9s)
[7/64] CE-N24-005 (esbuild/pnpm/Monolith): FAIL:lint:oxlint,mutation (130.6s)
[8/64] CE-N24-010 (Vite (built as esbuild)/npm/Microservices): ok (106.9s)
[9/64] CE-N24-012 (Vite (built as esbuild)/yarn (Berry)/Microservices): ok (117.8s)
[10/64] CE-N24-014 (Vite (built as esbuild)/pnpm/Microservices): ok (102.5s)
[11/64] CE-N24-011 (Vite (built as esbuild)/yarn (Berry)/Monolith): FAIL:lint:oxlint,mutation (138.3s)
[12/64] CE-N24-013 (Vite (built as esbuild)/pnpm/Monolith): FAIL:lint:oxlint,mutation (138.2s)
[13/64] CE-N24-015 (Vite (built as esbuild)/bun/Monolith): FAIL:lint:oxlint,mutation (124.4s)
[14/64] CE-N24-016 (Vite (built as esbuild)/bun/Microservices): ok (94.6s)
[15/64] CE-N24-020 (Webpack/yarn (Berry)/Microservices): ok (136.2s)
[16/64] CE-N24-022 (Webpack/pnpm/Microservices): ok (96.1s)
[17/64] CE-N24-019 (Webpack/yarn (Berry)/Monolith): FAIL:lint:oxlint,mutation (160.4s)
[18/64] CE-N24-021 (Webpack/pnpm/Monolith): FAIL:lint:oxlint,mutation (141.4s)
[19/64] CE-N24-018 (Webpack/npm/Microservices): ok (191.5s)
[20/64] CE-N24-001 (esbuild/npm/Monolith): FAIL:lint:oxlint,mutation (427.4s)
[21/64] CE-N24-026 (Rollup/npm/Microservices): ok (37.6s)
[22/64] CE-N24-024 (Webpack/bun/Microservices): ok (118.5s)
[23/64] CE-N24-023 (Webpack/bun/Monolith): FAIL:lint:oxlint,mutation (139.3s)
[24/64] CE-N24-009 (Vite (built as esbuild)/npm/Monolith): FAIL:lint:oxlint,mutation (462.4s)
[25/64] CE-N24-028 (Rollup/yarn (Berry)/Microservices): ok (132.6s)
[26/64] CE-N24-027 (Rollup/yarn (Berry)/Monolith): FAIL:lint:oxlint,mutation (138.8s)
[27/64] CE-N24-029 (Rollup/pnpm/Monolith): FAIL:lint:oxlint,mutation (132.8s)
[28/64] CE-N24-030 (Rollup/pnpm/Microservices): ok (57.2s)
[29/64] CE-N24-032 (Rollup/bun/Microservices): ok (90.0s)
[30/64] CE-N24-036 (Rspack/yarn (Berry)/Microservices): ok (129.8s)
[31/64] CE-N24-031 (Rollup/bun/Monolith): FAIL:lint:oxlint,mutation (171.3s)
[32/64] CE-N24-034 (Rspack/npm/Microservices): ok (140.1s)
[33/64] CE-N24-035 (Rspack/yarn (Berry)/Monolith): FAIL:lint:oxlint,mutation (170.8s)
[34/64] CE-N24-025 (Rollup/npm/Monolith): FAIL:lint:oxlint,mutation (344.2s)
[35/64] CE-N24-017 (Webpack/npm/Monolith): FAIL:lint:oxlint,mutation (510.9s)
[36/64] CE-N24-038 (Rspack/pnpm/Microservices): ok (54.6s)
[37/64] CE-N24-037 (Rspack/pnpm/Monolith): FAIL:lint:oxlint,mutation (106.3s)
[38/64] CE-N24-040 (Rspack/bun/Microservices): ok (176.2s)
[39/64] CE-N24-044 (Parcel/yarn (Berry)/Microservices): ok (141.9s)
[40/64] CE-N24-039 (Rspack/bun/Monolith): FAIL:lint:oxlint,mutation (204.6s)
[41/64] CE-N24-042 (Parcel/npm/Microservices): ok (167.8s)
[42/64] CE-N24-043 (Parcel/yarn (Berry)/Monolith): FAIL:lint:oxlint,mutation (169.4s)
[43/64] CE-N24-046 (Parcel/pnpm/Microservices): ok (50.1s)
[44/64] CE-N24-045 (Parcel/pnpm/Monolith): FAIL:lint:oxlint,mutation (174.9s)
[45/64] CE-N24-033 (Rspack/npm/Monolith): FAIL:lint:oxlint,mutation (375.5s)
[46/64] CE-N24-050 (Turbopack/npm/Microservices): ok (58.1s)
[47/64] CE-N24-052 (Turbopack/yarn (Berry)/Microservices): ok (91.7s)
[48/64] CE-N24-048 (Parcel/bun/Microservices): ok (117.9s)
[49/64] CE-N24-054 (Turbopack/pnpm/Microservices): ok (57.0s)
[50/64] CE-N24-047 (Parcel/bun/Monolith): FAIL:lint:oxlint,mutation (142.6s)
[51/64] CE-N24-051 (Turbopack/yarn (Berry)/Monolith): FAIL:lint:oxlint,mutation (116.0s)
[52/64] CE-N24-053 (Turbopack/pnpm/Monolith): FAIL:lint:oxlint,mutation (108.6s)
[53/64] CE-N24-056 (Turbopack/bun/Microservices): ok (88.0s)
[54/64] CE-N24-060 (SWC/yarn (Berry)/Microservices): ok (107.4s)
[55/64] CE-N24-058 (SWC/npm/Microservices): ok (115.7s)
[56/64] CE-N24-055 (Turbopack/bun/Monolith): FAIL:lint:oxlint,mutation (134.4s)
[57/64] CE-N24-041 (Parcel/npm/Monolith): FAIL:lint:oxlint,mutation (422.4s)
[58/64] CE-N24-059 (SWC/yarn (Berry)/Monolith): FAIL:lint:oxlint,mutation (143.8s)
[59/64] CE-N24-062 (SWC/pnpm/Microservices): ok (47.9s)
[60/64] CE-N24-061 (SWC/pnpm/Monolith): FAIL:lint:oxlint,mutation (88.8s)
[61/64] CE-N24-049 (Turbopack/npm/Monolith): FAIL:lint:oxlint,mutation (318.0s)
[62/64] CE-N24-064 (SWC/bun/Microservices): ok (75.1s)
[63/64] CE-N24-063 (SWC/bun/Monolith): FAIL:lint:oxlint,mutation (83.8s)
[64/64] CE-N24-057 (SWC/npm/Monolith): FAIL:lint:oxlint,mutation (222.2s)
Saved: C:\Users\Prajith K\Desktop\javascript corpus\main\results_N24.json
