Family N16: 64 branches to process (six=False partial=True)
Using node dir: C:\Users\Prajith K\AppData\Roaming\fnm\node-versions\v16.20.2\installation -> node v16.20.2 npm 8.19.4
Parallel workers: 8
[1/64] CE-N16-006 (esbuild/pnpm/Microservices): ok (95.7s)
[2/64] CE-N16-008 (esbuild/bun/Microservices): ok (120.3s)
[3/64] CE-N16-004 (esbuild/yarn (Berry)/Microservices): ok (121.7s)
[4/64] CE-N16-002 (esbuild/npm/Microservices): ok (126.0s)
[5/64] CE-N16-005 (esbuild/pnpm/Monolith): FAIL:lint:oxlint,duplication,mutation (129.6s)
[6/64] CE-N16-007 (esbuild/bun/Monolith): FAIL:lint:oxlint,duplication,mutation (135.4s)
[7/64] CE-N16-003 (esbuild/yarn (Berry)/Monolith): FAIL:lint:oxlint,duplication,mutation (142.8s)
[8/64] CE-N16-012 (Vite (built as esbuild)/yarn (Berry)/Microservices): ok (124.2s)
[9/64] CE-N16-014 (Vite (built as esbuild)/pnpm/Microservices): ok (115.3s)
[10/64] CE-N16-010 (Vite (built as esbuild)/npm/Microservices): ok (134.2s)
[11/64] CE-N16-015 (Vite (built as esbuild)/bun/Monolith): FAIL:lint:oxlint,duplication,mutation (113.9s)
[12/64] CE-N16-013 (Vite (built as esbuild)/pnpm/Monolith): FAIL:lint:oxlint,duplication,mutation (138.5s)
[13/64] CE-N16-011 (Vite (built as esbuild)/yarn (Berry)/Monolith): FAIL:lint:oxlint,duplication,mutation (146.4s)
[14/64] CE-N16-016 (Vite (built as esbuild)/bun/Microservices): ok (95.3s)
[15/64] CE-N16-020 (Webpack/yarn (Berry)/Microservices): ok (112.8s)
[16/64] CE-N16-021 (Webpack/pnpm/Monolith): FAIL:lint:oxlint,duplication,mutation (118.6s)
[17/64] CE-N16-022 (Webpack/pnpm/Microservices): ok (44.9s)
[18/64] CE-N16-019 (Webpack/yarn (Berry)/Monolith): FAIL:lint:oxlint,duplication,mutation (142.1s)
[19/64] CE-N16-018 (Webpack/npm/Microservices): ok (154.3s)
[20/64] CE-N16-009 (Vite (built as esbuild)/npm/Monolith): FAIL:lint,lint:oxlint,duplication,mutation (335.9s)
[21/64] CE-N16-001 (esbuild/npm/Monolith): FAIL:lint,lint:oxlint,duplication,mutation (431.9s)
[22/64] CE-N16-026 (Rollup/npm/Microservices): ok (76.0s)
[23/64] CE-N16-024 (Webpack/bun/Microservices): ok (97.1s)
[24/64] CE-N16-023 (Webpack/bun/Monolith): FAIL:lint:oxlint,duplication,mutation (139.8s)
[25/64] CE-N16-030 (Rollup/pnpm/Microservices): ok (57.7s)
[26/64] CE-N16-028 (Rollup/yarn (Berry)/Microservices): ok (111.2s)
[27/64] CE-N16-029 (Rollup/pnpm/Monolith): FAIL:lint:oxlint,duplication,mutation (111.0s)
[28/64] CE-N16-027 (Rollup/yarn (Berry)/Monolith): FAIL:lint:oxlint,duplication,mutation (153.7s)
[29/64] CE-N16-032 (Rollup/bun/Microservices): ok (76.1s)
[30/64] CE-N16-031 (Rollup/bun/Monolith): FAIL:lint:oxlint,duplication,mutation (125.9s)
[31/64] CE-N16-034 (Rspack/npm/Microservices): ok (118.8s)
[32/64] CE-N16-038 (Rspack/pnpm/Microservices): ok (59.0s)
[33/64] CE-N16-036 (Rspack/yarn (Berry)/Microservices): FAIL:build (113.0s)
[34/64] CE-N16-037 (Rspack/pnpm/Monolith): FAIL:lint:oxlint,duplication,mutation (99.8s)
[35/64] CE-N16-035 (Rspack/yarn (Berry)/Monolith): FAIL:build,lint:oxlint,duplication,mutation (172.0s)
[36/64] CE-N16-017 (Webpack/npm/Monolith): FAIL:lint:oxlint,duplication,mutation (479.5s)
[37/64] CE-N16-040 (Rspack/bun/Microservices): ok (91.9s)
[38/64] CE-N16-039 (Rspack/bun/Monolith): FAIL:lint:oxlint,duplication,mutation (115.5s)
[39/64] CE-N16-046 (Parcel/pnpm/Microservices): FAIL:build (42.9s)
[40/64] CE-N16-045 (Parcel/pnpm/Monolith): FAIL:build,lint:oxlint,duplication,mutation (86.9s)
[41/64] CE-N16-044 (Parcel/yarn (Berry)/Microservices): FAIL:build (118.2s)
[42/64] CE-N16-042 (Parcel/npm/Microservices): FAIL:build (167.2s)
[43/64] CE-N16-025 (Rollup/npm/Monolith): FAIL:lint,lint:oxlint,duplication,mutation (487.0s)
[44/64] CE-N16-043 (Parcel/yarn (Berry)/Monolith): FAIL:build,lint:oxlint,duplication,mutation (167.3s)
[45/64] CE-N16-048 (Parcel/bun/Microservices): FAIL:build (87.2s)
[46/64] CE-N16-047 (Parcel/bun/Monolith): FAIL:build,lint:oxlint,duplication,mutation (128.2s)
[47/64] CE-N16-052 (Turbopack/yarn (Berry)/Microservices): ok (106.4s)
[48/64] CE-N16-054 (Turbopack/pnpm/Microservices): ok (41.0s)
[49/64] CE-N16-050 (Turbopack/npm/Microservices): ok (139.0s)
[50/64] CE-N16-053 (Turbopack/pnpm/Monolith): FAIL:lint:oxlint,duplication,mutation (80.2s)
[51/64] CE-N16-051 (Turbopack/yarn (Berry)/Monolith): FAIL:lint:oxlint,duplication,mutation (157.1s)
[52/64] CE-N16-033 (Rspack/npm/Monolith): FAIL:lint,lint:oxlint,duplication,mutation (506.2s)
[53/64] CE-N16-058 (SWC/npm/Microservices): ok (41.3s)
[54/64] CE-N16-041 (Parcel/npm/Monolith): FAIL:build,lint,lint:oxlint,duplication,mutation (399.6s)
[55/64] CE-N16-056 (Turbopack/bun/Microservices): ok (100.9s)
[56/64] CE-N16-060 (SWC/yarn (Berry)/Microservices): ok (117.9s)
[57/64] CE-N16-055 (Turbopack/bun/Monolith): FAIL:lint:oxlint,duplication,mutation (168.1s)
[58/64] CE-N16-062 (SWC/pnpm/Microservices): ok (93.9s)
[59/64] CE-N16-059 (SWC/yarn (Berry)/Monolith): FAIL:lint:oxlint,duplication,mutation (135.2s)
[60/64] CE-N16-061 (SWC/pnpm/Monolith): FAIL:lint:oxlint,duplication,mutation (122.5s)
[61/64] CE-N16-049 (Turbopack/npm/Monolith): FAIL:lint,lint:oxlint,duplication,mutation (344.1s)
[62/64] CE-N16-063 (SWC/bun/Monolith): FAIL:lint:oxlint,duplication,mutation (124.5s)
[63/64] CE-N16-057 (SWC/npm/Monolith): FAIL:lint:oxlint,duplication,mutation (220.1s)
[64/64] CE-N16-064 (SWC/bun/Microservices): ok (74.6s)
Saved: C:\Users\Prajith K\Desktop\javascript corpus\main\results_N16.json
