Family N18: 64 branches to process (six=False partial=True)
Using node dir: C:\Users\Prajith K\AppData\Roaming\fnm\node-versions\v18.20.8\installation -> node v18.20.8 npm 10.8.2
Parallel workers: 8
[1/64] CE-N18-003 (esbuild/yarn (Berry)/Monolith): install-FAIL (30.3s)
[2/64] CE-N18-004 (esbuild/yarn (Berry)/Microservices): install-FAIL (30.5s)
[3/64] CE-N18-006 (esbuild/pnpm/Microservices): ok (93.7s)
[4/64] CE-N18-002 (esbuild/npm/Microservices): ok (102.4s)
[5/64] CE-N18-010 (Vite (built as esbuild)/npm/Microservices): ok (73.8s)
[6/64] CE-N18-005 (esbuild/pnpm/Monolith): FAIL:lint:oxlint,mutation (109.9s)
[7/64] CE-N18-008 (esbuild/bun/Microservices): install-FAIL (113.6s)
[8/64] CE-N18-007 (esbuild/bun/Monolith): FAIL:lint:oxlint,mutation (219.6s)
[9/64] CE-N18-014 (Vite (built as esbuild)/pnpm/Microservices): ok (115.5s)
[10/64] CE-N18-012 (Vite (built as esbuild)/yarn (Berry)/Microservices): ok (123.4s)
[11/64] CE-N18-015 (Vite (built as esbuild)/bun/Monolith): FAIL:lint:oxlint,mutation (115.3s)
[12/64] CE-N18-011 (Vite (built as esbuild)/yarn (Berry)/Monolith): FAIL:lint:oxlint,mutation (140.8s)
[13/64] CE-N18-013 (Vite (built as esbuild)/pnpm/Monolith): FAIL:lint:oxlint,mutation (131.3s)
[14/64] CE-N18-016 (Vite (built as esbuild)/bun/Microservices): ok (84.8s)
[15/64] CE-N18-020 (Webpack/yarn (Berry)/Microservices): ok (130.5s)
[16/64] CE-N18-022 (Webpack/pnpm/Microservices): ok (63.9s)
[17/64] CE-N18-021 (Webpack/pnpm/Monolith): FAIL:lint:oxlint,mutation (144.0s)
[18/64] CE-N18-019 (Webpack/yarn (Berry)/Monolith): FAIL:lint:oxlint,mutation (151.2s)
[19/64] CE-N18-001 (esbuild/npm/Monolith): FAIL:duplication,mutation (405.9s)
[20/64] CE-N18-009 (Vite (built as esbuild)/npm/Monolith): FAIL:duplication,mutation (376.7s)
[21/64] CE-N18-018 (Webpack/npm/Microservices): ok (182.3s)
[22/64] CE-N18-024 (Webpack/bun/Microservices): ok (83.3s)
[23/64] CE-N18-026 (Rollup/npm/Microservices): ok (84.4s)
[24/64] CE-N18-023 (Webpack/bun/Monolith): FAIL:lint:oxlint,mutation (148.7s)
[25/64] CE-N18-028 (Rollup/yarn (Berry)/Microservices): ok (129.4s)
[26/64] CE-N18-030 (Rollup/pnpm/Microservices): ok (88.2s)
[27/64] CE-N18-027 (Rollup/yarn (Berry)/Monolith): FAIL:lint:oxlint,mutation (137.7s)
[28/64] CE-N18-031 (Rollup/bun/Monolith): FAIL:lint:oxlint,mutation (82.7s)
[29/64] CE-N18-029 (Rollup/pnpm/Monolith): FAIL:lint:oxlint,mutation (139.7s)
[30/64] CE-N18-032 (Rollup/bun/Microservices): ok (69.3s)
[31/64] CE-N18-038 (Rspack/pnpm/Microservices): ok (93.0s)
[32/64] CE-N18-036 (Rspack/yarn (Berry)/Microservices): FAIL:build (153.4s)
[33/64] CE-N18-034 (Rspack/npm/Microservices): ok (165.3s)
[34/64] CE-N18-037 (Rspack/pnpm/Monolith): FAIL:lint:oxlint,mutation (166.1s)
[35/64] CE-N18-035 (Rspack/yarn (Berry)/Monolith): FAIL:build,lint:oxlint,mutation (171.0s)
[36/64] CE-N18-017 (Webpack/npm/Monolith): FAIL:duplication,mutation (510.3s)
[37/64] CE-N18-025 (Rollup/npm/Monolith): FAIL:duplication,mutation (417.3s)
[38/64] CE-N18-040 (Rspack/bun/Microservices): ok (97.4s)
[39/64] CE-N18-044 (Parcel/yarn (Berry)/Microservices): FAIL:build (122.7s)
[40/64] CE-N18-043 (Parcel/yarn (Berry)/Monolith): FAIL:build,lint:oxlint,mutation (155.9s)
[41/64] CE-N18-039 (Rspack/bun/Monolith): FAIL:lint:oxlint,mutation (194.6s)
[42/64] CE-N18-042 (Parcel/npm/Microservices): FAIL:build (157.4s)
[43/64] CE-N18-046 (Parcel/pnpm/Microservices): FAIL:build (75.6s)
[44/64] CE-N18-045 (Parcel/pnpm/Monolith): FAIL:build,lint:oxlint,duplication,mutation (91.8s)
[45/64] CE-N18-048 (Parcel/bun/Microservices): FAIL:build (92.8s)
[46/64] CE-N18-052 (Turbopack/yarn (Berry)/Microservices): ok (119.0s)
[47/64] CE-N18-050 (Turbopack/npm/Microservices): ok (138.4s)
[48/64] CE-N18-047 (Parcel/bun/Monolith): FAIL:build,lint:oxlint,mutation (152.0s)
[49/64] CE-N18-051 (Turbopack/yarn (Berry)/Monolith): FAIL:lint:oxlint,mutation (150.1s)
[50/64] CE-N18-033 (Rspack/npm/Monolith): FAIL:duplication,mutation (507.1s)
[51/64] CE-N18-053 (Turbopack/pnpm/Monolith): FAIL:lint:oxlint,mutation (94.5s)
[52/64] CE-N18-054 (Turbopack/pnpm/Microservices): ok (58.2s)
[53/64] CE-N18-041 (Parcel/npm/Monolith): FAIL:build,duplication,mutation (372.0s)
[54/64] CE-N18-056 (Turbopack/bun/Microservices): ok (98.2s)
[55/64] CE-N18-055 (Turbopack/bun/Monolith): FAIL:lint:oxlint,mutation (132.7s)
[56/64] CE-N18-060 (SWC/yarn (Berry)/Microservices): ok (132.9s)
[57/64] CE-N18-058 (SWC/npm/Microservices): ok (156.5s)
[58/64] CE-N18-062 (SWC/pnpm/Microservices): ok (94.9s)
[59/64] CE-N18-059 (SWC/yarn (Berry)/Monolith): FAIL:lint:oxlint,mutation (149.4s)
[60/64] CE-N18-049 (Turbopack/npm/Monolith): FAIL:duplication,mutation (338.8s)
[61/64] CE-N18-061 (SWC/pnpm/Monolith): FAIL:lint:oxlint,mutation (132.9s)
[62/64] CE-N18-063 (SWC/bun/Monolith): FAIL:lint:oxlint,mutation (72.3s)
[63/64] CE-N18-064 (SWC/bun/Microservices): ok (56.8s)
[64/64] CE-N18-057 (SWC/npm/Monolith): FAIL:duplication,mutation (265.9s)
Saved: C:\Users\Prajith K\Desktop\javascript corpus\main\results_N18.json
