Family N12: 64 branches to process (six=True partial=False)
Using node dir: C:\Users\Prajith K\AppData\Roaming\fnm\node-versions\v12.22.12\installation -> node v12.22.12 npm 6.14.16
Parallel workers: 8
[1/64] CE-N12-008 (esbuild/bun/Microservices): FAIL:test,lint,lint:oxlint,coverage,duplication,mutation (160.1s)
[2/64] CE-N12-007 (esbuild/bun/Monolith): FAIL:lint,lint:oxlint,duplication,mutation (163.3s)
[3/64] CE-N12-006 (esbuild/pnpm/Microservices): FAIL:test,lint,lint:oxlint,coverage,duplication,mutation (165.0s)
[4/64] CE-N12-005 (esbuild/pnpm/Monolith): FAIL:lint,lint:oxlint,duplication,mutation (165.7s)
[5/64] CE-N12-001 (esbuild/npm/Monolith): FAIL:lint,lint:oxlint,duplication,mutation (178.8s)
[6/64] CE-N12-002 (esbuild/npm/Microservices): FAIL:test,lint,lint:oxlint,coverage,duplication,mutation (184.0s)
[7/64] CE-N12-004 (esbuild/yarn (Berry)/Microservices): FAIL:test,lint,lint:oxlint,coverage,duplication,mutation (295.6s)
[8/64] CE-N12-003 (esbuild/yarn (Berry)/Monolith): FAIL:lint,lint:oxlint,duplication,mutation (295.6s)
[9/64] CE-N12-009 (Vite (built as esbuild)/npm/Monolith): FAIL:build,lint,lint:oxlint,duplication,mutation (182.7s)
[10/64] CE-N12-010 (Vite (built as esbuild)/npm/Microservices): FAIL:test,build,lint,lint:oxlint,coverage,duplication,mutation (180.2s)
[11/64] CE-N12-014 (Vite (built as esbuild)/pnpm/Microservices): FAIL:test,build,lint,lint:oxlint,coverage,duplication,mutation (163.5s)
[12/64] CE-N12-013 (Vite (built as esbuild)/pnpm/Monolith): FAIL:build,lint,lint:oxlint,duplication,mutation (168.7s)
[13/64] CE-N12-015 (Vite (built as esbuild)/bun/Monolith): FAIL:build,lint,lint:oxlint,duplication,mutation (127.3s)
[14/64] CE-N12-016 (Vite (built as esbuild)/bun/Microservices): FAIL:test,build,lint,lint:oxlint,coverage,duplication,mutation (133.6s)
[15/64] CE-N12-011 (Vite (built as esbuild)/yarn (Berry)/Monolith): FAIL:build,lint,lint:oxlint,duplication,mutation (345.0s)
[16/64] CE-N12-012 (Vite (built as esbuild)/yarn (Berry)/Microservices): FAIL:test,build,lint,lint:oxlint,coverage,duplication,mutation (360.3s)
[17/64] CE-N12-020 (Webpack/yarn (Berry)/Microservices): FAIL:test,lint,lint:oxlint,coverage,duplication,mutation (255.1s)
[18/64] CE-N12-019 (Webpack/yarn (Berry)/Monolith): FAIL:lint,lint:oxlint,duplication,mutation (255.1s)
[19/64] CE-N12-017 (Webpack/npm/Monolith): FAIL:lint,lint:oxlint,duplication,mutation (261.3s)
[20/64] CE-N12-018 (Webpack/npm/Microservices): FAIL:test,lint,lint:oxlint,coverage,duplication,mutation (263.4s)
[21/64] CE-N12-021 (Webpack/pnpm/Monolith): FAIL:lint,lint:oxlint,duplication,mutation (187.9s)
[22/64] CE-N12-022 (Webpack/pnpm/Microservices): FAIL:test,lint,lint:oxlint,coverage,duplication,mutation (182.2s)
[23/64] CE-N12-025 (Rollup/npm/Monolith): FAIL:build,lint,lint:oxlint,duplication,mutation (166.3s)
[24/64] CE-N12-029 (Rollup/pnpm/Monolith): FAIL:build,lint,lint:oxlint,duplication,mutation (159.5s)
[25/64] CE-N12-026 (Rollup/npm/Microservices): FAIL:test,build,lint,lint:oxlint,coverage,duplication,mutation (174.3s)
[26/64] CE-N12-030 (Rollup/pnpm/Microservices): FAIL:test,build,lint,lint:oxlint,coverage,duplication,mutation (166.6s)
[27/64] CE-N12-024 (Webpack/bun/Microservices): FAIL:test,lint,lint:oxlint,coverage,duplication,mutation (254.6s)
[28/64] CE-N12-023 (Webpack/bun/Monolith): FAIL:lint,lint:oxlint,duplication,mutation (272.0s)
[29/64] CE-N12-027 (Rollup/yarn (Berry)/Monolith): FAIL:build,lint,lint:oxlint,duplication,mutation (191.7s)
[30/64] CE-N12-028 (Rollup/yarn (Berry)/Microservices): FAIL:test,build,lint,lint:oxlint,coverage,duplication,mutation (205.1s)
[31/64] CE-N12-032 (Rollup/bun/Microservices): FAIL:test,build,lint,lint:oxlint,coverage,duplication,mutation (170.9s)
[32/64] CE-N12-031 (Rollup/bun/Monolith): FAIL:build,lint,lint:oxlint,duplication,mutation (173.5s)
[33/64] CE-N12-033 (Rspack/npm/Monolith): FAIL:build,lint,lint:oxlint,duplication,mutation (199.7s)
[34/64] CE-N12-034 (Rspack/npm/Microservices): FAIL:test,build,lint,lint:oxlint,coverage,duplication,mutation (198.6s)
[35/64] CE-N12-037 (Rspack/pnpm/Monolith): FAIL:build,lint,lint:oxlint,duplication,mutation (182.0s)
[36/64] CE-N12-038 (Rspack/pnpm/Microservices): FAIL:test,build,lint,lint:oxlint,coverage,duplication,mutation (168.8s)
[37/64] CE-N12-035 (Rspack/yarn (Berry)/Monolith): FAIL:build,lint,lint:oxlint,duplication,mutation (268.7s)
[38/64] CE-N12-036 (Rspack/yarn (Berry)/Microservices): FAIL:test,build,lint,lint:oxlint,coverage,duplication,mutation (267.4s)
[39/64] CE-N12-040 (Rspack/bun/Microservices): FAIL:test,build,lint,lint:oxlint,coverage,duplication,mutation (151.6s)
[40/64] CE-N12-039 (Rspack/bun/Monolith): FAIL:build,lint,lint:oxlint,duplication,mutation (152.7s)
[41/64] CE-N12-045 (Parcel/pnpm/Monolith): FAIL:build,lint,lint:oxlint,duplication,mutation (154.0s)
[42/64] CE-N12-046 (Parcel/pnpm/Microservices): FAIL:test,build,lint,lint:oxlint,coverage,duplication,mutation (153.9s)
[43/64] CE-N12-043 (Parcel/yarn (Berry)/Monolith): FAIL:build,lint,lint:oxlint,duplication,mutation (232.5s)
[44/64] CE-N12-044 (Parcel/yarn (Berry)/Microservices): FAIL:test,build,lint,lint:oxlint,coverage,duplication,mutation (229.7s)
[45/64] CE-N12-041 (Parcel/npm/Monolith): FAIL:build,lint,lint:oxlint,duplication,mutation (250.8s)
[46/64] CE-N12-042 (Parcel/npm/Microservices): FAIL:test,build,lint,lint:oxlint,coverage,duplication,mutation (254.0s)
[47/64] CE-N12-048 (Parcel/bun/Microservices): FAIL:test,build,lint,lint:oxlint,coverage,duplication,mutation (180.7s)
[48/64] CE-N12-047 (Parcel/bun/Monolith): FAIL:build,lint,lint:oxlint,duplication,mutation (190.3s)
[49/64] CE-N12-054 (Turbopack/pnpm/Microservices): FAIL:test,lint,lint:oxlint,coverage,duplication,mutation (164.3s)
[50/64] CE-N12-053 (Turbopack/pnpm/Monolith): FAIL:lint,lint:oxlint,duplication,mutation (168.0s)
[51/64] CE-N12-055 (Turbopack/bun/Monolith): FAIL:lint,lint:oxlint,duplication,mutation (145.4s)
[52/64] CE-N12-049 (Turbopack/npm/Monolith): FAIL:lint,lint:oxlint,duplication,mutation (219.9s)
[53/64] CE-N12-056 (Turbopack/bun/Microservices): FAIL:test,lint,lint:oxlint,coverage,duplication,mutation (139.2s)
[54/64] CE-N12-050 (Turbopack/npm/Microservices): FAIL:test,lint,lint:oxlint,coverage,duplication,mutation (220.3s)
[55/64] CE-N12-051 (Turbopack/yarn (Berry)/Monolith): FAIL:lint,lint:oxlint,duplication,mutation (327.7s)
[56/64] CE-N12-052 (Turbopack/yarn (Berry)/Microservices): FAIL:test,lint,lint:oxlint,coverage,duplication,mutation (327.6s)
[57/64] CE-N12-058 (SWC/npm/Microservices): FAIL:test,build,lint,lint:oxlint,coverage,duplication,mutation (172.8s)
[58/64] CE-N12-057 (SWC/npm/Monolith): FAIL:build,lint,lint:oxlint,duplication,mutation (173.4s)
[59/64] CE-N12-061 (SWC/pnpm/Monolith): FAIL:build,lint,lint:oxlint,duplication,mutation (152.2s)
[60/64] CE-N12-062 (SWC/pnpm/Microservices): FAIL:test,build,lint,lint:oxlint,coverage,duplication,mutation (153.0s)
[61/64] CE-N12-059 (SWC/yarn (Berry)/Monolith): FAIL:build,lint,lint:oxlint,duplication,mutation (181.7s)
[62/64] CE-N12-060 (SWC/yarn (Berry)/Microservices): FAIL:test,build,lint,lint:oxlint,coverage,duplication,mutation (178.5s)
[63/64] CE-N12-064 (SWC/bun/Microservices): FAIL:test,build,lint,lint:oxlint,coverage,duplication,mutation (88.9s)
[64/64] CE-N12-063 (SWC/bun/Monolith): FAIL:build,lint,lint:oxlint,duplication,mutation (89.9s)
Saved: C:\Users\Prajith K\Desktop\javascript corpus\main\results_N12.json
