Family N18: 64 branches to process (six=False partial=True)
Using node dir: C:\Users\Prajith K\AppData\Roaming\fnm\node-versions\v18.20.8\installation -> node v18.20.8 npm 10.8.2
Parallel workers: 8
[1/64] CE-N18-006 (esbuild/pnpm/Microservices): ok (78.9s)
[2/64] CE-N18-008 (esbuild/bun/Microservices): ok (79.5s)
[3/64] CE-N18-007 (esbuild/bun/Monolith): FAIL:lint:oxlint,mutation (103.2s)
[4/64] CE-N18-002 (esbuild/npm/Microservices): ok (111.5s)
[5/64] CE-N18-004 (esbuild/yarn (Berry)/Microservices): ok (112.2s)
[6/64] CE-N18-005 (esbuild/pnpm/Monolith): FAIL:lint:oxlint,mutation (114.0s)
[7/64] CE-N18-014 (Vite (built as esbuild)/pnpm/Microservices): ok (70.4s)
[8/64] CE-N18-010 (Vite (built as esbuild)/npm/Microservices): ok (109.4s)
[9/64] CE-N18-012 (Vite (built as esbuild)/yarn (Berry)/Microservices): ok (79.4s)
[10/64] CE-N18-003 (esbuild/yarn (Berry)/Monolith): FAIL:lint:oxlint,mutation (193.5s)
[11/64] CE-N18-013 (Vite (built as esbuild)/pnpm/Monolith): FAIL:lint:oxlint,mutation (104.1s)
[12/64] CE-N18-016 (Vite (built as esbuild)/bun/Microservices): ok (61.4s)
[13/64] CE-N18-011 (Vite (built as esbuild)/yarn (Berry)/Monolith): FAIL:lint:oxlint,mutation (161.8s)
[14/64] CE-N18-015 (Vite (built as esbuild)/bun/Monolith): FAIL:lint:oxlint,mutation (88.3s)
[15/64] CE-N18-022 (Webpack/pnpm/Microservices): ok (50.3s)
[16/64] CE-N18-020 (Webpack/yarn (Berry)/Microservices): ok (96.8s)
[17/64] CE-N18-021 (Webpack/pnpm/Monolith): FAIL:lint:oxlint,mutation (94.2s)
[18/64] CE-N18-018 (Webpack/npm/Microservices): ok (171.2s)
[19/64] CE-N18-019 (Webpack/yarn (Berry)/Monolith): FAIL:lint:oxlint,mutation (153.4s)
[20/64] CE-N18-023 (Webpack/bun/Monolith): FAIL:lint:oxlint,mutation (83.7s)
[21/64] CE-N18-024 (Webpack/bun/Microservices): ok (63.2s)
[22/64] CE-N18-026 (Rollup/npm/Microservices): ok (97.4s)
[23/64] CE-N18-028 (Rollup/yarn (Berry)/Microservices): ok (85.6s)
[24/64] CE-N18-030 (Rollup/pnpm/Microservices): ok (33.5s)
[25/64] CE-N18-029 (Rollup/pnpm/Monolith): FAIL:lint:oxlint,mutation (85.8s)
[26/64] CE-N18-027 (Rollup/yarn (Berry)/Monolith): FAIL:lint:oxlint,mutation (139.1s)
[27/64] CE-N18-009 (Vite (built as esbuild)/npm/Monolith): FAIL:duplication,mutation (431.9s)
[28/64] CE-N18-001 (esbuild/npm/Monolith): FAIL:duplication,mutation (511.0s)
[29/64] CE-N18-032 (Rollup/bun/Microservices): ok (58.7s)
[30/64] CE-N18-031 (Rollup/bun/Monolith): FAIL:lint:oxlint,mutation (81.3s)
[31/64] CE-N18-034 (Rspack/npm/Microservices): ok (72.7s)
[32/64] CE-N18-038 (Rspack/pnpm/Microservices): ok (54.7s)
[33/64] CE-N18-037 (Rspack/pnpm/Monolith): FAIL:lint:oxlint,mutation (76.8s)
[34/64] CE-N18-036 (Rspack/yarn (Berry)/Microservices): ok (122.2s)
[35/64] CE-N18-017 (Webpack/npm/Monolith): FAIL:duplication,mutation (456.3s)
[36/64] CE-N18-035 (Rspack/yarn (Berry)/Monolith): FAIL:lint:oxlint,mutation (145.8s)
[37/64] CE-N18-025 (Rollup/npm/Monolith): FAIL:duplication,mutation (303.5s)
[38/64] CE-N18-039 (Rspack/bun/Monolith): FAIL:lint:oxlint,mutation (132.1s)
[39/64] CE-N18-040 (Rspack/bun/Microservices): ok (88.5s)
[40/64] CE-N18-044 (Parcel/yarn (Berry)/Microservices): ok (106.5s)
[41/64] CE-N18-042 (Parcel/npm/Microservices): ok (135.4s)
[42/64] CE-N18-046 (Parcel/pnpm/Microservices): ok (56.8s)
[43/64] CE-N18-045 (Parcel/pnpm/Monolith): FAIL:lint:oxlint,duplication,mutation (108.4s)
[44/64] CE-N18-043 (Parcel/yarn (Berry)/Monolith): FAIL:lint:oxlint,mutation (172.9s)
[45/64] CE-N18-047 (Parcel/bun/Monolith): FAIL:lint:oxlint,mutation (105.1s)
[46/64] CE-N18-048 (Parcel/bun/Microservices): ok (78.7s)
[47/64] CE-N18-050 (Turbopack/npm/Microservices): ok (89.9s)
[48/64] CE-N18-054 (Turbopack/pnpm/Microservices): ok (44.2s)
[49/64] CE-N18-052 (Turbopack/yarn (Berry)/Microservices): ok (81.3s)
[50/64] CE-N18-053 (Turbopack/pnpm/Monolith): FAIL:lint:oxlint,mutation (80.4s)
[51/64] CE-N18-051 (Turbopack/yarn (Berry)/Monolith): FAIL:lint:oxlint,mutation (135.4s)
[52/64] CE-N18-033 (Rspack/npm/Monolith): FAIL:duplication,mutation (421.8s)
[53/64] CE-N18-055 (Turbopack/bun/Monolith): FAIL:lint:oxlint,mutation (83.9s)
[54/64] CE-N18-056 (Turbopack/bun/Microservices): ok (76.9s)
[55/64] CE-N18-062 (SWC/pnpm/Microservices): ok (36.6s)
[56/64] CE-N18-060 (SWC/yarn (Berry)/Microservices): ok (96.4s)
[57/64] CE-N18-058 (SWC/npm/Microservices): ok (112.8s)
[58/64] CE-N18-061 (SWC/pnpm/Monolith): FAIL:lint:oxlint,mutation (78.2s)
[59/64] CE-N18-059 (SWC/yarn (Berry)/Monolith): FAIL:lint:oxlint,mutation (124.4s)
[60/64] CE-N18-041 (Parcel/npm/Monolith): FAIL:duplication,mutation (418.8s)
[61/64] CE-N18-049 (Turbopack/npm/Monolith): FAIL:duplication,mutation (287.2s)
[62/64] CE-N18-063 (SWC/bun/Monolith): FAIL:lint:oxlint,mutation (64.3s)
[63/64] CE-N18-064 (SWC/bun/Microservices): ok (54.4s)
[64/64] CE-N18-057 (SWC/npm/Monolith): FAIL:duplication,mutation (179.0s)
Saved: C:\Users\Prajith K\Desktop\javascript corpus\main\results_N18.json
