Family N16: 64 branches to process (six=False partial=True)
Using node dir: C:\Users\Prajith K\AppData\Roaming\fnm\node-versions\v16.20.2\installation -> node v16.20.2 npm 8.19.4
Parallel workers: 8
[1/64] CE-N16-006 (esbuild/pnpm/Microservices): ok (91.6s)
[2/64] CE-N16-008 (esbuild/bun/Microservices): ok (109.9s)
[3/64] CE-N16-002 (esbuild/npm/Microservices): ok (125.0s)
[4/64] CE-N16-004 (esbuild/yarn (Berry)/Microservices): ok (125.1s)
[5/64] CE-N16-005 (esbuild/pnpm/Monolith): FAIL:lint:oxlint,duplication,mutation (127.7s)
[6/64] CE-N16-007 (esbuild/bun/Monolith): FAIL:lint:oxlint,duplication,mutation (130.5s)
[7/64] CE-N16-003 (esbuild/yarn (Berry)/Monolith): FAIL:lint:oxlint,duplication,mutation (152.2s)
[8/64] CE-N16-010 (Vite (built as esbuild)/npm/Microservices): ok (61.6s)
[9/64] CE-N16-014 (Vite (built as esbuild)/pnpm/Microservices): ok (55.8s)
[10/64] CE-N16-013 (Vite (built as esbuild)/pnpm/Monolith): FAIL:lint:oxlint,duplication,mutation (96.1s)
[11/64] CE-N16-012 (Vite (built as esbuild)/yarn (Berry)/Microservices): ok (116.0s)
[12/64] CE-N16-016 (Vite (built as esbuild)/bun/Microservices): ok (77.4s)
[13/64] CE-N16-015 (Vite (built as esbuild)/bun/Monolith): FAIL:lint:oxlint,duplication,mutation (99.9s)
[14/64] CE-N16-011 (Vite (built as esbuild)/yarn (Berry)/Monolith): FAIL:lint:oxlint,duplication,mutation (129.8s)
[15/64] CE-N16-022 (Webpack/pnpm/Microservices): ok (81.0s)
[16/64] CE-N16-020 (Webpack/yarn (Berry)/Microservices): ok (106.9s)
[17/64] CE-N16-021 (Webpack/pnpm/Monolith): FAIL:lint:oxlint,duplication,mutation (120.2s)
[18/64] CE-N16-018 (Webpack/npm/Microservices): ok (179.1s)
[19/64] CE-N16-019 (Webpack/yarn (Berry)/Monolith): FAIL:lint:oxlint,duplication,mutation (167.9s)
[20/64] CE-N16-009 (Vite (built as esbuild)/npm/Monolith): FAIL:lint:oxlint,duplication,mutation (317.9s)
[21/64] CE-N16-001 (esbuild/npm/Monolith): FAIL:lint:oxlint,duplication,mutation (409.7s)
[22/64] CE-N16-023 (Webpack/bun/Monolith): FAIL:lint:oxlint,duplication,mutation (110.5s)
[23/64] CE-N16-024 (Webpack/bun/Microservices): ok (91.0s)
[24/64] CE-N16-026 (Rollup/npm/Microservices): ok (94.1s)
[25/64] CE-N16-029 (Rollup/pnpm/Monolith): FAIL:lint:oxlint,duplication,mutation (91.2s)
[26/64] CE-N16-030 (Rollup/pnpm/Microservices): ok (55.3s)
[27/64] CE-N16-028 (Rollup/yarn (Berry)/Microservices): ok (124.7s)
[28/64] CE-N16-031 (Rollup/bun/Monolith): FAIL:lint:oxlint,duplication,mutation (97.4s)
[29/64] CE-N16-027 (Rollup/yarn (Berry)/Monolith): FAIL:lint:oxlint,duplication,mutation (137.1s)
[30/64] CE-N16-034 (Rspack/npm/Microservices): ok (74.3s)
[31/64] CE-N16-032 (Rollup/bun/Microservices): ok (92.3s)
[32/64] CE-N16-036 (Rspack/yarn (Berry)/Microservices): ok (105.8s)
[33/64] CE-N16-038 (Rspack/pnpm/Microservices): ok (74.3s)
[34/64] CE-N16-037 (Rspack/pnpm/Monolith): FAIL:lint:oxlint,duplication,mutation (126.4s)
[35/64] CE-N16-025 (Rollup/npm/Monolith): FAIL:lint:oxlint,duplication,mutation (330.2s)
[36/64] CE-N16-017 (Webpack/npm/Monolith): FAIL:lint:oxlint,duplication,mutation (516.7s)
[37/64] CE-N16-039 (Rspack/bun/Monolith): FAIL:lint:oxlint,duplication,mutation (124.5s)
[38/64] CE-N16-035 (Rspack/yarn (Berry)/Monolith): FAIL:lint:oxlint,duplication,mutation (181.4s)
[39/64] CE-N16-042 (Parcel/npm/Microservices): ok (90.2s)
[40/64] CE-N16-040 (Rspack/bun/Microservices): ok (119.8s)
[41/64] CE-N16-046 (Parcel/pnpm/Microservices): ok (82.9s)
[42/64] CE-N16-044 (Parcel/yarn (Berry)/Microservices): ok (118.5s)
[43/64] CE-N16-045 (Parcel/pnpm/Monolith): FAIL:lint:oxlint,duplication,mutation (114.3s)
[44/64] CE-N16-043 (Parcel/yarn (Berry)/Monolith): FAIL:lint:oxlint,duplication,mutation (133.9s)
[45/64] CE-N16-048 (Parcel/bun/Microservices): ok (101.8s)
[46/64] CE-N16-047 (Parcel/bun/Monolith): FAIL:lint:oxlint,duplication,mutation (142.2s)
[47/64] CE-N16-054 (Turbopack/pnpm/Microservices): ok (39.5s)
[48/64] CE-N16-053 (Turbopack/pnpm/Monolith): FAIL:lint:oxlint,duplication,mutation (90.5s)
[49/64] CE-N16-052 (Turbopack/yarn (Berry)/Microservices): ok (128.7s)
[50/64] CE-N16-033 (Rspack/npm/Monolith): FAIL:lint:oxlint,duplication,mutation (464.8s)
[51/64] CE-N16-050 (Turbopack/npm/Microservices): ok (144.2s)
[52/64] CE-N16-051 (Turbopack/yarn (Berry)/Monolith): FAIL:lint:oxlint,duplication,mutation (161.5s)
[53/64] CE-N16-056 (Turbopack/bun/Microservices): ok (78.1s)
[54/64] CE-N16-055 (Turbopack/bun/Monolith): FAIL:lint:oxlint,duplication,mutation (97.8s)
[55/64] CE-N16-058 (SWC/npm/Microservices): ok (123.6s)
[56/64] CE-N16-060 (SWC/yarn (Berry)/Microservices): ok (100.1s)
[57/64] CE-N16-062 (SWC/pnpm/Microservices): ok (52.6s)
[58/64] CE-N16-041 (Parcel/npm/Monolith): FAIL:lint:oxlint,duplication,mutation (457.6s)
[59/64] CE-N16-061 (SWC/pnpm/Monolith): FAIL:lint:oxlint,duplication,mutation (69.8s)
[60/64] CE-N16-059 (SWC/yarn (Berry)/Monolith): FAIL:lint:oxlint,duplication,mutation (147.3s)
[61/64] CE-N16-049 (Turbopack/npm/Monolith): FAIL:lint:oxlint,duplication,mutation (361.5s)
[62/64] CE-N16-057 (SWC/npm/Monolith): FAIL:lint:oxlint,duplication,mutation (200.0s)
[63/64] CE-N16-064 (SWC/bun/Microservices): ok (76.4s)
[64/64] CE-N16-063 (SWC/bun/Monolith): FAIL:lint:oxlint,duplication,mutation (83.4s)
Saved: C:\Users\Prajith K\Desktop\javascript corpus\main\results_N16.json
